[debug] [2025-11-01T22:16:59.507Z] ----------------------------------------------------------------------
[debug] [2025-11-01T22:16:59.514Z] Command:       C:\Program Files\nodejs\node.exe C:\Users\leona\AppData\Roaming\npm\node_modules\firebase-tools\lib\bin\firebase.js deploy --only functions
[debug] [2025-11-01T22:16:59.515Z] CLI Version:   14.23.0
[debug] [2025-11-01T22:16:59.516Z] Platform:      win32
[debug] [2025-11-01T22:16:59.516Z] Node Version:  v20.15.1
[debug] [2025-11-01T22:16:59.517Z] Time:          Sat Nov 01 2025 18:16:59 GMT-0400 (heure d’été de l’Est nord-américain)
[debug] [2025-11-01T22:16:59.517Z] ----------------------------------------------------------------------
[debug] 
[debug] [2025-11-01T22:16:59.997Z] > command requires scopes: ["email","openid","https://www.googleapis.com/auth/cloudplatformprojects.readonly","https://www.googleapis.com/auth/firebase","https://www.googleapis.com/auth/cloud-platform"]
[debug] [2025-11-01T22:16:59.998Z] > authorizing via signed-in user (leonard.zipper68@gmail.com)
[debug] [2025-11-01T22:16:59.998Z] [iam] checking project truestay-8inf865 for permissions ["cloudfunctions.functions.create","cloudfunctions.functions.delete","cloudfunctions.functions.get","cloudfunctions.functions.list","cloudfunctions.functions.update","cloudfunctions.operations.get","firebase.projects.get"]
[debug] [2025-11-01T22:17:00.001Z] Checked if tokens are valid: false, expires at: 1762036039698
[debug] [2025-11-01T22:17:00.001Z] Checked if tokens are valid: false, expires at: 1762036039698
[debug] [2025-11-01T22:17:00.002Z] > refreshing access token with scopes: []
[debug] [2025-11-01T22:17:00.007Z] >>> [apiv2][query] POST https://www.googleapis.com/oauth2/v3/token [none]
[debug] [2025-11-01T22:17:00.008Z] >>> [apiv2][body] POST https://www.googleapis.com/oauth2/v3/token [omitted]
[debug] [2025-11-01T22:17:00.318Z] <<< [apiv2][status] POST https://www.googleapis.com/oauth2/v3/token 200
[debug] [2025-11-01T22:17:00.318Z] <<< [apiv2][body] POST https://www.googleapis.com/oauth2/v3/token [omitted]
[debug] [2025-11-01T22:17:00.333Z] >>> [apiv2][query] POST https://cloudresourcemanager.googleapis.com/v1/projects/truestay-8inf865:testIamPermissions [none]
[debug] [2025-11-01T22:17:00.333Z] >>> [apiv2][(partial)header] POST https://cloudresourcemanager.googleapis.com/v1/projects/truestay-8inf865:testIamPermissions x-goog-quota-user=projects/truestay-8inf865
[debug] [2025-11-01T22:17:00.334Z] >>> [apiv2][body] POST https://cloudresourcemanager.googleapis.com/v1/projects/truestay-8inf865:testIamPermissions {"permissions":["cloudfunctions.functions.create","cloudfunctions.functions.delete","cloudfunctions.functions.get","cloudfunctions.functions.list","cloudfunctions.functions.update","cloudfunctions.operations.get","firebase.projects.get"]}
[debug] [2025-11-01T22:17:00.637Z] <<< [apiv2][status] POST https://cloudresourcemanager.googleapis.com/v1/projects/truestay-8inf865:testIamPermissions 200
[debug] [2025-11-01T22:17:00.637Z] <<< [apiv2][body] POST https://cloudresourcemanager.googleapis.com/v1/projects/truestay-8inf865:testIamPermissions {"permissions":["cloudfunctions.functions.create","cloudfunctions.functions.delete","cloudfunctions.functions.get","cloudfunctions.functions.list","cloudfunctions.functions.update","cloudfunctions.operations.get","firebase.projects.get"]}
[debug] [2025-11-01T22:17:00.638Z] Checked if tokens are valid: true, expires at: 1762039019319
[debug] [2025-11-01T22:17:00.638Z] Checked if tokens are valid: true, expires at: 1762039019319
[debug] [2025-11-01T22:17:00.638Z] >>> [apiv2][query] POST https://iam.googleapis.com/v1/projects/truestay-8inf865/serviceAccounts/truestay-8inf865@appspot.gserviceaccount.com:testIamPermissions [none]
[debug] [2025-11-01T22:17:00.638Z] >>> [apiv2][body] POST https://iam.googleapis.com/v1/projects/truestay-8inf865/serviceAccounts/truestay-8inf865@appspot.gserviceaccount.com:testIamPermissions {"permissions":["iam.serviceAccounts.actAs"]}
[debug] [2025-11-01T22:17:00.955Z] <<< [apiv2][status] POST https://iam.googleapis.com/v1/projects/truestay-8inf865/serviceAccounts/truestay-8inf865@appspot.gserviceaccount.com:testIamPermissions 200
[debug] [2025-11-01T22:17:00.956Z] <<< [apiv2][body] POST https://iam.googleapis.com/v1/projects/truestay-8inf865/serviceAccounts/truestay-8inf865@appspot.gserviceaccount.com:testIamPermissions {"permissions":["iam.serviceAccounts.actAs"]}
[info] 
[info] === Deploying to 'truestay-8inf865'...
[info] 
[info] i  deploying functions 
[info] Running command: npm --prefix "$RESOURCE_DIR" run lint
[info] Running command: npm --prefix "$RESOURCE_DIR" run build
[info] +  functions: Finished running predeploy script. 
[debug] [2025-11-01T22:17:23.072Z] Checked if tokens are valid: true, expires at: 1762039019319
[debug] [2025-11-01T22:17:23.072Z] Checked if tokens are valid: true, expires at: 1762039019319
[debug] [2025-11-01T22:17:23.073Z] >>> [apiv2][query] GET https://cloudresourcemanager.googleapis.com/v1/projects/truestay-8inf865 [none]
[debug] [2025-11-01T22:17:23.378Z] <<< [apiv2][status] GET https://cloudresourcemanager.googleapis.com/v1/projects/truestay-8inf865 200
[debug] [2025-11-01T22:17:23.379Z] <<< [apiv2][body] GET https://cloudresourcemanager.googleapis.com/v1/projects/truestay-8inf865 {"projectNumber":"528202518737","projectId":"truestay-8inf865","lifecycleState":"ACTIVE","name":"TrueStay","labels":{"firebase":"enabled","firebase-core":"disabled"},"createTime":"2025-10-26T18:33:07.627312Z"}
[info] i  functions: preparing codebase default for deployment 
[info] i  functions: ensuring required API cloudfunctions.googleapis.com is enabled... 
[info] i  functions: ensuring required API cloudbuild.googleapis.com is enabled... 
[info] i  artifactregistry: ensuring required API artifactregistry.googleapis.com is enabled... 
[debug] [2025-11-01T22:17:23.384Z] Checked if tokens are valid: true, expires at: 1762039019319
[debug] [2025-11-01T22:17:23.384Z] Checked if tokens are valid: true, expires at: 1762039019319
[debug] [2025-11-01T22:17:23.384Z] >>> [apiv2][query] GET https://firebase.googleapis.com/v1beta1/projects/truestay-8inf865/adminSdkConfig [none]
[debug] [2025-11-01T22:17:23.836Z] <<< [apiv2][status] GET https://firebase.googleapis.com/v1beta1/projects/truestay-8inf865/adminSdkConfig 200
[debug] [2025-11-01T22:17:23.836Z] <<< [apiv2][body] GET https://firebase.googleapis.com/v1beta1/projects/truestay-8inf865/adminSdkConfig {"projectId":"truestay-8inf865","storageBucket":"truestay-8inf865.firebasestorage.app"}
[debug] [2025-11-01T22:17:23.839Z] Validating nodejs source
[debug] [2025-11-01T22:17:25.848Z] > [functions] package.json contents: {
  "name": "functions",
  "scripts": {
    "lint": "eslint --ext .js,.ts .",
    "build": "tsc",
    "build:watch": "tsc --watch",
    "serve": "npm run build && firebase emulators:start --only functions",
    "shell": "npm run build && firebase functions:shell",
    "start": "npm run shell",
    "deploy": "firebase deploy --only functions",
    "logs": "firebase functions:log"
  },
  "engines": {
    "node": "22"
  },
  "main": "lib/index.js",
  "dependencies": {
    "firebase-admin": "^12.6.0",
    "firebase-functions": "^6.0.1"
  },
  "devDependencies": {
    "@typescript-eslint/eslint-plugin": "^5.12.0",
    "@typescript-eslint/parser": "^5.12.0",
    "eslint": "^8.9.0",
    "eslint-config-google": "^0.14.0",
    "eslint-plugin-import": "^2.25.4",
    "typescript": "^5.7.3"
  },
  "private": true
}
[debug] [2025-11-01T22:17:25.849Z] Building nodejs source
[info] i  functions: Loading and analyzing source code for codebase default to determine what to deploy 
[debug] [2025-11-01T22:17:25.852Z] Could not find functions.yaml. Must use http discovery
[debug] [2025-11-01T22:17:25.880Z] Found firebase-functions binary at 'C:\Users\leona\AndroidStudioProjects\TrueStay\functions\node_modules\.bin\firebase-functions'
[info] Serving at port 8977

[debug] [2025-11-01T22:17:27.572Z] Got response from /__/functions.yaml {"endpoints":{"syncUserEmail":{"availableMemoryMb":null,"timeoutSeconds":null,"minInstances":null,"maxInstances":2,"ingressSettings":null,"concurrency":null,"serviceAccountEmail":null,"vpc":null,"platform":"gcfv2","labels":{},"blockingTrigger":{"eventType":"providers/cloud.auth/eventTypes/user.beforeSignIn","options":{"accessToken":false,"idToken":false,"refreshToken":false}},"entryPoint":"syncUserEmail"}},"specVersion":"v1alpha1","requiredAPIs":[{"api":"identitytoolkit.googleapis.com","reason":"Needed for auth blocking functions"}],"extensions":{}}
[info] i  extensions: ensuring required API firebaseextensions.googleapis.com is enabled... 
[debug] [2025-11-01T22:17:32.636Z] > command requires scopes: ["email","openid","https://www.googleapis.com/auth/cloudplatformprojects.readonly","https://www.googleapis.com/auth/firebase","https://www.googleapis.com/auth/cloud-platform"]
[debug] [2025-11-01T22:17:32.637Z] > authorizing via signed-in user (leonard.zipper68@gmail.com)
[debug] [2025-11-01T22:17:32.637Z] [iam] checking project truestay-8inf865 for permissions ["firebase.projects.get","firebaseextensions.instances.list"]
[debug] [2025-11-01T22:17:32.637Z] Checked if tokens are valid: true, expires at: 1762039019319
[debug] [2025-11-01T22:17:32.637Z] Checked if tokens are valid: true, expires at: 1762039019319
[debug] [2025-11-01T22:17:32.637Z] >>> [apiv2][query] POST https://cloudresourcemanager.googleapis.com/v1/projects/truestay-8inf865:testIamPermissions [none]
[debug] [2025-11-01T22:17:32.638Z] >>> [apiv2][(partial)header] POST https://cloudresourcemanager.googleapis.com/v1/projects/truestay-8inf865:testIamPermissions x-goog-quota-user=projects/truestay-8inf865
[debug] [2025-11-01T22:17:32.638Z] >>> [apiv2][body] POST https://cloudresourcemanager.googleapis.com/v1/projects/truestay-8inf865:testIamPermissions {"permissions":["firebase.projects.get","firebaseextensions.instances.list"]}
[debug] [2025-11-01T22:17:32.925Z] <<< [apiv2][status] POST https://cloudresourcemanager.googleapis.com/v1/projects/truestay-8inf865:testIamPermissions 200
[debug] [2025-11-01T22:17:32.926Z] <<< [apiv2][body] POST https://cloudresourcemanager.googleapis.com/v1/projects/truestay-8inf865:testIamPermissions {"permissions":["firebase.projects.get","firebaseextensions.instances.list"]}
[debug] [2025-11-01T22:17:32.926Z] Checked if tokens are valid: true, expires at: 1762039019319
[debug] [2025-11-01T22:17:32.927Z] Checked if tokens are valid: true, expires at: 1762039019319
[debug] [2025-11-01T22:17:32.928Z] >>> [apiv2][query] GET https://firebaseextensions.googleapis.com/v1beta/projects/truestay-8inf865/instances pageSize=100&pageToken=
[debug] [2025-11-01T22:17:33.308Z] <<< [apiv2][status] GET https://firebaseextensions.googleapis.com/v1beta/projects/truestay-8inf865/instances 200
[debug] [2025-11-01T22:17:33.308Z] <<< [apiv2][body] GET https://firebaseextensions.googleapis.com/v1beta/projects/truestay-8inf865/instances {}
[info] i  functions: preparing functions directory for uploading... 
[info] i  functions: packaged C:\Users\leona\AndroidStudioProjects\TrueStay\functions (61.66 KB) for uploading 
[debug] [2025-11-01T22:17:33.457Z] Checked if tokens are valid: true, expires at: 1762039019319
[debug] [2025-11-01T22:17:33.457Z] Checked if tokens are valid: true, expires at: 1762039019319
[debug] [2025-11-01T22:17:33.457Z] >>> [apiv2][query] GET https://cloudfunctions.googleapis.com/v1/projects/truestay-8inf865/locations/-/functions [none]
[debug] [2025-11-01T22:17:34.031Z] <<< [apiv2][status] GET https://cloudfunctions.googleapis.com/v1/projects/truestay-8inf865/locations/-/functions 200
[debug] [2025-11-01T22:17:34.031Z] <<< [apiv2][body] GET https://cloudfunctions.googleapis.com/v1/projects/truestay-8inf865/locations/-/functions {}
[debug] [2025-11-01T22:17:34.032Z] Checked if tokens are valid: true, expires at: 1762039019319
[debug] [2025-11-01T22:17:34.032Z] Checked if tokens are valid: true, expires at: 1762039019319
[debug] [2025-11-01T22:17:34.032Z] >>> [apiv2][query] GET https://cloudfunctions.googleapis.com/v2/projects/truestay-8inf865/locations/-/functions filter=environment%3D%22GEN_2%22
[debug] [2025-11-01T22:17:34.531Z] <<< [apiv2][status] GET https://cloudfunctions.googleapis.com/v2/projects/truestay-8inf865/locations/-/functions 200
[debug] [2025-11-01T22:17:34.531Z] <<< [apiv2][body] GET https://cloudfunctions.googleapis.com/v2/projects/truestay-8inf865/locations/-/functions {"functions":[{"name":"projects/truestay-8inf865/locations/us-central1/functions/syncUserEmail","buildConfig":{"build":"projects/528202518737/locations/us-central1/builds/be489518-ed4c-4f43-a953-e5add28a8506","runtime":"nodejs22","entryPoint":"syncUserEmail","source":{"storageSource":{"bucket":"gcf-v2-sources-528202518737-us-central1","object":"syncUserEmail/function-source.zip","generation":"1762034537977512"}},"environmentVariables":{"GOOGLE_NODE_RUN_SCRIPTS":""},"dockerRepository":"projects/truestay-8inf865/locations/us-central1/repositories/gcf-artifacts","sourceProvenance":{"resolvedStorageSource":{"bucket":"gcf-v2-sources-528202518737-us-central1","object":"syncUserEmail/function-source.zip","generation":"1762034537977512"}},"dockerRegistry":"ARTIFACT_REGISTRY","serviceAccount":"projects/truestay-8inf865/serviceAccounts/528202518737-compute@developer.gserviceaccount.com","automaticUpdatePolicy":{}},"state":"FAILED","updateTime":"2025-11-01T22:03:12.326210881Z","labels":{"deployment-tool":"cli-firebase","deployment-blocking":"before-sign-in","firebase-functions-hash":"f121b0082cb0c6c15e54697cc553380f6a7fa674"},"stateMessages":[{"severity":"ERROR","type":"CloudRunServiceNotFound","message":"Cloud Run service projects/truestay-8inf865/locations/us-central1/services/syncuseremail for the function was not found. The function will not work correctly. Please redeploy."}],"environment":"GEN_2","url":"https://us-central1-truestay-8inf865.cloudfunctions.net/syncUserEmail","createTime":"2025-11-01T22:02:18.235127105Z","satisfiesPzi":true}]}
[info] i  functions: ensuring required API identitytoolkit.googleapis.com is enabled... 
[info] i  functions: ensuring required API run.googleapis.com is enabled... 
[info] i  functions: ensuring required API eventarc.googleapis.com is enabled... 
[info] i  functions: ensuring required API pubsub.googleapis.com is enabled... 
[info] i  functions: ensuring required API storage.googleapis.com is enabled... 
[info] i  functions: generating the service identity for pubsub.googleapis.com... 
[debug] [2025-11-01T22:17:34.541Z] Checked if tokens are valid: true, expires at: 1762039019319
[debug] [2025-11-01T22:17:34.541Z] Checked if tokens are valid: true, expires at: 1762039019319
[info] i  functions: generating the service identity for eventarc.googleapis.com... 
[debug] [2025-11-01T22:17:34.542Z] Checked if tokens are valid: true, expires at: 1762039019319
[debug] [2025-11-01T22:17:34.542Z] Checked if tokens are valid: true, expires at: 1762039019319
[debug] [2025-11-01T22:17:34.542Z] >>> [apiv2][query] POST https://serviceusage.googleapis.com/v1beta1/projects/528202518737/services/pubsub.googleapis.com:generateServiceIdentity [none]
[debug] [2025-11-01T22:17:34.543Z] >>> [apiv2][(partial)header] POST https://serviceusage.googleapis.com/v1beta1/projects/528202518737/services/pubsub.googleapis.com:generateServiceIdentity x-goog-quota-user=projects/528202518737
[debug] [2025-11-01T22:17:34.544Z] >>> [apiv2][body] POST https://serviceusage.googleapis.com/v1beta1/projects/528202518737/services/pubsub.googleapis.com:generateServiceIdentity {}
[debug] [2025-11-01T22:17:34.546Z] >>> [apiv2][query] POST https://serviceusage.googleapis.com/v1beta1/projects/528202518737/services/eventarc.googleapis.com:generateServiceIdentity [none]
[debug] [2025-11-01T22:17:34.546Z] >>> [apiv2][(partial)header] POST https://serviceusage.googleapis.com/v1beta1/projects/528202518737/services/eventarc.googleapis.com:generateServiceIdentity x-goog-quota-user=projects/528202518737
[debug] [2025-11-01T22:17:34.546Z] >>> [apiv2][body] POST https://serviceusage.googleapis.com/v1beta1/projects/528202518737/services/eventarc.googleapis.com:generateServiceIdentity {}
[debug] [2025-11-01T22:17:35.043Z] <<< [apiv2][status] POST https://serviceusage.googleapis.com/v1beta1/projects/528202518737/services/eventarc.googleapis.com:generateServiceIdentity 200
[debug] [2025-11-01T22:17:35.043Z] <<< [apiv2][body] POST https://serviceusage.googleapis.com/v1beta1/projects/528202518737/services/eventarc.googleapis.com:generateServiceIdentity {"name":"operations/finished.DONE_OPERATION","done":true,"response":{"@type":"type.googleapis.com/google.api.serviceusage.v1beta1.ServiceIdentity","email":"service-528202518737@gcp-sa-eventarc.iam.gserviceaccount.com","uniqueId":"102485537219729142075"}}
[debug] [2025-11-01T22:17:35.073Z] <<< [apiv2][status] POST https://serviceusage.googleapis.com/v1beta1/projects/528202518737/services/pubsub.googleapis.com:generateServiceIdentity 200
[debug] [2025-11-01T22:17:35.073Z] <<< [apiv2][body] POST https://serviceusage.googleapis.com/v1beta1/projects/528202518737/services/pubsub.googleapis.com:generateServiceIdentity {"name":"operations/finished.DONE_OPERATION","done":true,"response":{"@type":"type.googleapis.com/google.api.serviceusage.v1beta1.ServiceIdentity","email":"service-528202518737@gcp-sa-pubsub.iam.gserviceaccount.com","uniqueId":"107791960881945702120"}}
[debug] [2025-11-01T22:17:35.078Z] Checked if tokens are valid: true, expires at: 1762039019319
[debug] [2025-11-01T22:17:35.078Z] Checked if tokens are valid: true, expires at: 1762039019319
[debug] [2025-11-01T22:17:35.078Z] >>> [apiv2][query] GET https://cloudresourcemanager.googleapis.com/v1/projects/truestay-8inf865 [none]
[debug] [2025-11-01T22:17:35.192Z] <<< [apiv2][status] GET https://cloudresourcemanager.googleapis.com/v1/projects/truestay-8inf865 200
[debug] [2025-11-01T22:17:35.193Z] <<< [apiv2][body] GET https://cloudresourcemanager.googleapis.com/v1/projects/truestay-8inf865 {"projectNumber":"528202518737","projectId":"truestay-8inf865","lifecycleState":"ACTIVE","name":"TrueStay","labels":{"firebase":"enabled","firebase-core":"disabled"},"createTime":"2025-10-26T18:33:07.627312Z"}
[debug] [2025-11-01T22:17:35.193Z] Checked if tokens are valid: true, expires at: 1762039019319
[debug] [2025-11-01T22:17:35.193Z] Checked if tokens are valid: true, expires at: 1762039019319
[debug] [2025-11-01T22:17:35.193Z] >>> [apiv2][query] GET https://compute.googleapis.com/compute/v1/projects/528202518737 [none]
[debug] [2025-11-01T22:17:35.364Z] <<< [apiv2][status] GET https://compute.googleapis.com/compute/v1/projects/528202518737 403
[debug] [2025-11-01T22:17:35.365Z] <<< [apiv2][body] GET https://compute.googleapis.com/compute/v1/projects/528202518737 {"error":{"code":403,"message":"Compute Engine API has not been used in project 528202518737 before or it is disabled. Enable it by visiting https://console.developers.google.com/apis/api/compute.googleapis.com/overview?project=528202518737 then retry. If you enabled this API recently, wait a few minutes for the action to propagate to our systems and retry.","errors":[{"message":"Compute Engine API has not been used in project 528202518737 before or it is disabled. Enable it by visiting https://console.developers.google.com/apis/api/compute.googleapis.com/overview?project=528202518737 then retry. If you enabled this API recently, wait a few minutes for the action to propagate to our systems and retry.","domain":"usageLimits","reason":"accessNotConfigured","extendedHelp":"https://console.developers.google.com"}],"status":"PERMISSION_DENIED","details":[{"@type":"type.googleapis.com/google.rpc.ErrorInfo","reason":"SERVICE_DISABLED","domain":"googleapis.com","metadata":{"consumer":"projects/528202518737","serviceTitle":"Compute Engine API","service":"compute.googleapis.com","activationUrl":"https://console.developers.google.com/apis/api/compute.googleapis.com/overview?project=528202518737","containerInfo":"528202518737"}},{"@type":"type.googleapis.com/google.rpc.LocalizedMessage","locale":"en-US","message":"Compute Engine API has not been used in project 528202518737 before or it is disabled. Enable it by visiting https://console.developers.google.com/apis/api/compute.googleapis.com/overview?project=528202518737 then retry. If you enabled this API recently, wait a few minutes for the action to propagate to our systems and retry."},{"@type":"type.googleapis.com/google.rpc.Help","links":[{"description":"Google developers console API activation","url":"https://console.developers.google.com/apis/api/compute.googleapis.com/overview?project=528202518737"}]}]}}
[debug] [2025-11-01T22:17:35.366Z] unable to look up default compute service account. Falling back to 528202518737-compute@developer.gserviceaccount.com. Error: {"name":"FirebaseError","children":[],"context":{"body":{"error":{"code":403,"message":"Compute Engine API has not been used in project 528202518737 before or it is disabled. Enable it by visiting https://console.developers.google.com/apis/api/compute.googleapis.com/overview?project=528202518737 then retry. If you enabled this API recently, wait a few minutes for the action to propagate to our systems and retry.","errors":[{"message":"Compute Engine API has not been used in project 528202518737 before or it is disabled. Enable it by visiting https://console.developers.google.com/apis/api/compute.googleapis.com/overview?project=528202518737 then retry. If you enabled this API recently, wait a few minutes for the action to propagate to our systems and retry.","domain":"usageLimits","reason":"accessNotConfigured","extendedHelp":"https://console.developers.google.com"}],"status":"PERMISSION_DENIED","details":[{"@type":"type.googleapis.com/google.rpc.ErrorInfo","reason":"SERVICE_DISABLED","domain":"googleapis.com","metadata":{"consumer":"projects/528202518737","serviceTitle":"Compute Engine API","service":"compute.googleapis.com","activationUrl":"https://console.developers.google.com/apis/api/compute.googleapis.com/overview?project=528202518737","containerInfo":"528202518737"}},{"@type":"type.googleapis.com/google.rpc.LocalizedMessage","locale":"en-US","message":"Compute Engine API has not been used in project 528202518737 before or it is disabled. Enable it by visiting https://console.developers.google.com/apis/api/compute.googleapis.com/overview?project=528202518737 then retry. If you enabled this API recently, wait a few minutes for the action to propagate to our systems and retry."},{"@type":"type.googleapis.com/google.rpc.Help","links":[{"description":"Google developers console API activation","url":"https://console.developers.google.com/apis/api/compute.googleapis.com/overview?project=528202518737"}]}]}},"response":{"statusCode":403}},"exit":1,"message":"Request to https://compute.googleapis.com/compute/v1/projects/528202518737 had HTTP Error: 403, Compute Engine API has not been used in project 528202518737 before or it is disabled. Enable it by visiting https://console.developers.google.com/apis/api/compute.googleapis.com/overview?project=528202518737 then retry. If you enabled this API recently, wait a few minutes for the action to propagate to our systems and retry.","status":403}
[debug] [2025-11-01T22:17:35.366Z] Checked if tokens are valid: true, expires at: 1762039019319
[debug] [2025-11-01T22:17:35.366Z] Checked if tokens are valid: true, expires at: 1762039019319
[debug] [2025-11-01T22:17:35.366Z] >>> [apiv2][query] GET https://compute.googleapis.com/compute/v1/projects/528202518737 [none]
[debug] [2025-11-01T22:17:35.463Z] <<< [apiv2][status] GET https://compute.googleapis.com/compute/v1/projects/528202518737 403
[debug] [2025-11-01T22:17:35.463Z] <<< [apiv2][body] GET https://compute.googleapis.com/compute/v1/projects/528202518737 {"error":{"code":403,"message":"Compute Engine API has not been used in project 528202518737 before or it is disabled. Enable it by visiting https://console.developers.google.com/apis/api/compute.googleapis.com/overview?project=528202518737 then retry. If you enabled this API recently, wait a few minutes for the action to propagate to our systems and retry.","errors":[{"message":"Compute Engine API has not been used in project 528202518737 before or it is disabled. Enable it by visiting https://console.developers.google.com/apis/api/compute.googleapis.com/overview?project=528202518737 then retry. If you enabled this API recently, wait a few minutes for the action to propagate to our systems and retry.","domain":"usageLimits","reason":"accessNotConfigured","extendedHelp":"https://console.developers.google.com"}],"status":"PERMISSION_DENIED","details":[{"@type":"type.googleapis.com/google.rpc.ErrorInfo","reason":"SERVICE_DISABLED","domain":"googleapis.com","metadata":{"service":"compute.googleapis.com","containerInfo":"528202518737","serviceTitle":"Compute Engine API","activationUrl":"https://console.developers.google.com/apis/api/compute.googleapis.com/overview?project=528202518737","consumer":"projects/528202518737"}},{"@type":"type.googleapis.com/google.rpc.LocalizedMessage","locale":"en-US","message":"Compute Engine API has not been used in project 528202518737 before or it is disabled. Enable it by visiting https://console.developers.google.com/apis/api/compute.googleapis.com/overview?project=528202518737 then retry. If you enabled this API recently, wait a few minutes for the action to propagate to our systems and retry."},{"@type":"type.googleapis.com/google.rpc.Help","links":[{"description":"Google developers console API activation","url":"https://console.developers.google.com/apis/api/compute.googleapis.com/overview?project=528202518737"}]}]}}
[debug] [2025-11-01T22:17:35.463Z] unable to look up default compute service account. Falling back to 528202518737-compute@developer.gserviceaccount.com. Error: {"name":"FirebaseError","children":[],"context":{"body":{"error":{"code":403,"message":"Compute Engine API has not been used in project 528202518737 before or it is disabled. Enable it by visiting https://console.developers.google.com/apis/api/compute.googleapis.com/overview?project=528202518737 then retry. If you enabled this API recently, wait a few minutes for the action to propagate to our systems and retry.","errors":[{"message":"Compute Engine API has not been used in project 528202518737 before or it is disabled. Enable it by visiting https://console.developers.google.com/apis/api/compute.googleapis.com/overview?project=528202518737 then retry. If you enabled this API recently, wait a few minutes for the action to propagate to our systems and retry.","domain":"usageLimits","reason":"accessNotConfigured","extendedHelp":"https://console.developers.google.com"}],"status":"PERMISSION_DENIED","details":[{"@type":"type.googleapis.com/google.rpc.ErrorInfo","reason":"SERVICE_DISABLED","domain":"googleapis.com","metadata":{"service":"compute.googleapis.com","containerInfo":"528202518737","serviceTitle":"Compute Engine API","activationUrl":"https://console.developers.google.com/apis/api/compute.googleapis.com/overview?project=528202518737","consumer":"projects/528202518737"}},{"@type":"type.googleapis.com/google.rpc.LocalizedMessage","locale":"en-US","message":"Compute Engine API has not been used in project 528202518737 before or it is disabled. Enable it by visiting https://console.developers.google.com/apis/api/compute.googleapis.com/overview?project=528202518737 then retry. If you enabled this API recently, wait a few minutes for the action to propagate to our systems and retry."},{"@type":"type.googleapis.com/google.rpc.Help","links":[{"description":"Google developers console API activation","url":"https://console.developers.google.com/apis/api/compute.googleapis.com/overview?project=528202518737"}]}]}},"response":{"statusCode":403}},"exit":1,"message":"Request to https://compute.googleapis.com/compute/v1/projects/528202518737 had HTTP Error: 403, Compute Engine API has not been used in project 528202518737 before or it is disabled. Enable it by visiting https://console.developers.google.com/apis/api/compute.googleapis.com/overview?project=528202518737 then retry. If you enabled this API recently, wait a few minutes for the action to propagate to our systems and retry.","status":403}
[debug] [2025-11-01T22:17:35.465Z] Checked if tokens are valid: true, expires at: 1762039019319
[debug] [2025-11-01T22:17:35.465Z] Checked if tokens are valid: true, expires at: 1762039019319
[debug] [2025-11-01T22:17:35.465Z] >>> [apiv2][query] GET https://cloudbilling.googleapis.com/v1/projects/truestay-8inf865/billingInfo [none]
[debug] [2025-11-01T22:17:35.724Z] <<< [apiv2][status] GET https://cloudbilling.googleapis.com/v1/projects/truestay-8inf865/billingInfo 200
[debug] [2025-11-01T22:17:35.724Z] <<< [apiv2][body] GET https://cloudbilling.googleapis.com/v1/projects/truestay-8inf865/billingInfo {"name":"projects/truestay-8inf865/billingInfo","projectId":"truestay-8inf865","billingAccountName":"billingAccounts/011BFF-67727A-48C263","billingEnabled":true}
[debug] [2025-11-01T22:17:35.727Z] Checked if tokens are valid: true, expires at: 1762039019319
[debug] [2025-11-01T22:17:35.728Z] Checked if tokens are valid: true, expires at: 1762039019319
[debug] [2025-11-01T22:17:35.728Z] >>> [apiv2][query] POST https://cloudfunctions.googleapis.com/v2/projects/truestay-8inf865/locations/us-central1/functions:generateUploadUrl [none]
[debug] [2025-11-01T22:17:36.042Z] <<< [apiv2][status] POST https://cloudfunctions.googleapis.com/v2/projects/truestay-8inf865/locations/us-central1/functions:generateUploadUrl 200
[debug] [2025-11-01T22:17:36.042Z] <<< [apiv2][body] POST https://cloudfunctions.googleapis.com/v2/projects/truestay-8inf865/locations/us-central1/functions:generateUploadUrl {"uploadUrl":"https://storage.googleapis.com/gcf-v2-uploads-528202518737.us-central1.cloudfunctions.appspot.com/580a8a85-285d-4df5-ae27-05cac80443fa.zip?GoogleAccessId=service-528202518737@gcf-admin-robot.iam.gserviceaccount.com&Expires=1762037254&Signature=ZctFAu3EVtNh632%2FGsGd1ccJrOSIgvtMTdqtwTHc8MfwAOq%2FUHtc%2BJQQKWkf7JckfKev%2Ft01ePbPbJe5y1tAFdZZ8EKfNBWe%2BROasx6Da6YF2jwA2s5rmWOlqIsuJUI29N9VDKYajA45zFuAdxDhLpbBq%2FTaYprW0VAXKL8US17EWOf%2B8QWi88B%2FEJR0QIq8GW6ywp0AFcQMQv3PRYCaLlqiOePj0nIz%2F3LQF1Y7o%2FztGtegtY%2BUItEpuUDKoneFLreBW2AqtbiTMI5qrWvSG%2FUnxnwaranz%2FltBtVbL%2BmHCRTNtt3zv6eGcO0gzR0Jg%2BeZpF4BnyAcgkKDj7djzAA%3D%3D","storageSource":{"bucket":"gcf-v2-uploads-528202518737.us-central1.cloudfunctions.appspot.com","object":"580a8a85-285d-4df5-ae27-05cac80443fa.zip"}}
[debug] [2025-11-01T22:17:36.045Z] >>> [apiv2][query] PUT https://storage.googleapis.com/gcf-v2-uploads-528202518737.us-central1.cloudfunctions.appspot.com/580a8a85-285d-4df5-ae27-05cac80443fa.zip GoogleAccessId=service-528202518737%40gcf-admin-robot.iam.gserviceaccount.com&Expires=1762037254&Signature=ZctFAu3EVtNh632%2FGsGd1ccJrOSIgvtMTdqtwTHc8MfwAOq%2FUHtc%2BJQQKWkf7JckfKev%2Ft01ePbPbJe5y1tAFdZZ8EKfNBWe%2BROasx6Da6YF2jwA2s5rmWOlqIsuJUI29N9VDKYajA45zFuAdxDhLpbBq%2FTaYprW0VAXKL8US17EWOf%2B8QWi88B%2FEJR0QIq8GW6ywp0AFcQMQv3PRYCaLlqiOePj0nIz%2F3LQF1Y7o%2FztGtegtY%2BUItEpuUDKoneFLreBW2AqtbiTMI5qrWvSG%2FUnxnwaranz%2FltBtVbL%2BmHCRTNtt3zv6eGcO0gzR0Jg%2BeZpF4BnyAcgkKDj7djzAA%3D%3D
[debug] [2025-11-01T22:17:36.045Z] >>> [apiv2][body] PUT https://storage.googleapis.com/gcf-v2-uploads-528202518737.us-central1.cloudfunctions.appspot.com/580a8a85-285d-4df5-ae27-05cac80443fa.zip [stream]
[debug] [2025-11-01T22:17:36.415Z] <<< [apiv2][status] PUT https://storage.googleapis.com/gcf-v2-uploads-528202518737.us-central1.cloudfunctions.appspot.com/580a8a85-285d-4df5-ae27-05cac80443fa.zip 200
[debug] [2025-11-01T22:17:36.415Z] <<< [apiv2][body] PUT https://storage.googleapis.com/gcf-v2-uploads-528202518737.us-central1.cloudfunctions.appspot.com/580a8a85-285d-4df5-ae27-05cac80443fa.zip [omitted]
[info] +  functions: functions source uploaded successfully 
[info] i  functions: updating Node.js 22 (2nd Gen) function syncUserEmail(us-central1)... 
[debug] [2025-11-01T22:17:36.424Z] Checked if tokens are valid: true, expires at: 1762039019319
[debug] [2025-11-01T22:17:36.424Z] Checked if tokens are valid: true, expires at: 1762039019319
[debug] [2025-11-01T22:17:36.425Z] >>> [apiv2][query] PATCH https://cloudfunctions.googleapis.com/v2/projects/truestay-8inf865/locations/us-central1/functions/syncUserEmail updateMask=name%2CbuildConfig.runtime%2CbuildConfig.entryPoint%2CbuildConfig.source.storageSource.bucket%2CbuildConfig.source.storageSource.object%2CbuildConfig.environmentVariables%2CbuildConfig.sourceToken%2CserviceConfig.environmentVariables%2CserviceConfig.ingressSettings%2CserviceConfig.timeoutSeconds%2CserviceConfig.serviceAccountEmail%2CserviceConfig.availableMemory%2CserviceConfig.minInstanceCount%2CserviceConfig.maxInstanceCount%2CserviceConfig.maxInstanceRequestConcurrency%2CserviceConfig.availableCpu%2CserviceConfig.vpcConnector%2CserviceConfig.vpcConnectorEgressSettings%2Clabels
[debug] [2025-11-01T22:17:36.425Z] >>> [apiv2][body] PATCH https://cloudfunctions.googleapis.com/v2/projects/truestay-8inf865/locations/us-central1/functions/syncUserEmail {"name":"projects/truestay-8inf865/locations/us-central1/functions/syncUserEmail","buildConfig":{"runtime":"nodejs22","entryPoint":"syncUserEmail","source":{"storageSource":{"bucket":"gcf-v2-uploads-528202518737.us-central1.cloudfunctions.appspot.com","object":"580a8a85-285d-4df5-ae27-05cac80443fa.zip"}},"environmentVariables":{"GOOGLE_NODE_RUN_SCRIPTS":""}},"serviceConfig":{"environmentVariables":{"FIREBASE_CONFIG":"{\"projectId\":\"truestay-8inf865\",\"storageBucket\":\"truestay-8inf865.firebasestorage.app\"}","GCLOUD_PROJECT":"truestay-8inf865","EVENTARC_CLOUD_EVENT_SOURCE":"projects/truestay-8inf865/locations/us-central1/services/syncUserEmail","FUNCTION_TARGET":"syncUserEmail","LOG_EXECUTION_ID":"true"},"ingressSettings":null,"timeoutSeconds":null,"serviceAccountEmail":null,"availableMemory":"256Mi","minInstanceCount":null,"maxInstanceCount":2,"maxInstanceRequestConcurrency":80,"availableCpu":"1","vpcConnector":null,"vpcConnectorEgressSettings":null},"labels":{"deployment-tool":"cli-firebase","deployment-blocking":"before-sign-in","firebase-functions-hash":"216e8a56350e720bf9403354df6ed7fb35bc7a40"}}
[debug] [2025-11-01T22:17:37.553Z] <<< [apiv2][status] PATCH https://cloudfunctions.googleapis.com/v2/projects/truestay-8inf865/locations/us-central1/functions/syncUserEmail 200
[debug] [2025-11-01T22:17:37.554Z] <<< [apiv2][body] PATCH https://cloudfunctions.googleapis.com/v2/projects/truestay-8inf865/locations/us-central1/functions/syncUserEmail {"name":"projects/truestay-8inf865/locations/us-central1/operations/operation-1762035455336-6428fd965a1e1-e244d85f-2c176d70","metadata":{"@type":"type.googleapis.com/google.cloud.functions.v2.OperationMetadata","createTime":"2025-11-01T22:17:36.208279446Z","target":"projects/truestay-8inf865/locations/us-central1/functions/syncUserEmail","verb":"update","cancelRequested":false,"apiVersion":"v2"},"done":false}
[debug] [2025-11-01T22:17:37.555Z] Checked if tokens are valid: true, expires at: 1762039019319
[debug] [2025-11-01T22:17:37.555Z] Checked if tokens are valid: true, expires at: 1762039019319
[debug] [2025-11-01T22:17:37.555Z] >>> [apiv2][query] GET https://cloudfunctions.googleapis.com/v2/projects/truestay-8inf865/locations/us-central1/operations/operation-1762035455336-6428fd965a1e1-e244d85f-2c176d70 [none]
[debug] [2025-11-01T22:17:37.780Z] <<< [apiv2][status] GET https://cloudfunctions.googleapis.com/v2/projects/truestay-8inf865/locations/us-central1/operations/operation-1762035455336-6428fd965a1e1-e244d85f-2c176d70 200
[debug] [2025-11-01T22:17:37.780Z] <<< [apiv2][body] GET https://cloudfunctions.googleapis.com/v2/projects/truestay-8inf865/locations/us-central1/operations/operation-1762035455336-6428fd965a1e1-e244d85f-2c176d70 {"name":"projects/truestay-8inf865/locations/us-central1/operations/operation-1762035455336-6428fd965a1e1-e244d85f-2c176d70","metadata":{"@type":"type.googleapis.com/google.cloud.functions.v2.OperationMetadata","createTime":"2025-11-01T22:17:36.208279446Z","target":"projects/truestay-8inf865/locations/us-central1/functions/syncUserEmail","verb":"update","cancelRequested":false,"apiVersion":"v2","requestResource":{"@type":"type.googleapis.com/google.cloud.functions.v2.Function","name":"projects/truestay-8inf865/locations/us-central1/functions/syncUserEmail","buildConfig":{"runtime":"nodejs22","entryPoint":"syncUserEmail","source":{"storageSource":{"bucket":"gcf-v2-sources-528202518737-us-central1","object":"syncUserEmail/function-source.zip","generation":"1762035456155082"}},"environmentVariables":{"GOOGLE_NODE_RUN_SCRIPTS":""},"dockerRepository":"projects/truestay-8inf865/locations/us-central1/repositories/gcf-artifacts","sourceProvenance":{"resolvedStorageSource":{"bucket":"gcf-v2-sources-528202518737-us-central1","object":"syncUserEmail/function-source.zip","generation":"1762034537977512"}},"dockerRegistry":"ARTIFACT_REGISTRY","serviceAccount":"projects/truestay-8inf865/serviceAccounts/528202518737-compute@developer.gserviceaccount.com","automaticUpdatePolicy":{}},"serviceConfig":{"service":"projects/truestay-8inf865/locations/us-central1/services/syncuseremail","timeoutSeconds":60,"environmentVariables":{"FIREBASE_CONFIG":"{\"projectId\":\"truestay-8inf865\",\"storageBucket\":\"truestay-8inf865.firebasestorage.app\"}","GCLOUD_PROJECT":"truestay-8inf865","EVENTARC_CLOUD_EVENT_SOURCE":"projects/truestay-8inf865/locations/us-central1/services/syncUserEmail","FUNCTION_TARGET":"syncUserEmail","LOG_EXECUTION_ID":"true"},"maxInstanceCount":2,"ingressSettings":"ALLOW_ALL","serviceAccountEmail":"528202518737-compute@developer.gserviceaccount.com","availableMemory":"256Mi","maxInstanceRequestConcurrency":80,"availableCpu":"1"},"state":"FAILED","labels":{"deployment-blocking":"before-sign-in","firebase-functions-hash":"216e8a56350e720bf9403354df6ed7fb35bc7a40"},"stateMessages":[{"severity":"ERROR","type":"CloudRunServiceNotFound","message":"Cloud Run service projects/truestay-8inf865/locations/us-central1/services/syncuseremail for the function was not found. The function will not work correctly. Please redeploy."}],"environment":"GEN_2","url":"https://us-central1-truestay-8inf865.cloudfunctions.net/syncUserEmail","satisfiesPzi":true},"stages":[{"name":"BUILD","state":"NOT_STARTED"},{"name":"SERVICE","state":"NOT_STARTED"}],"operationType":"UPDATE_FUNCTION"},"done":false}
[debug] [2025-11-01T22:17:38.295Z] [update-default-us-central1-syncUserEmail] Retrying task index 0
[debug] [2025-11-01T22:17:38.296Z] Checked if tokens are valid: true, expires at: 1762039019319
[debug] [2025-11-01T22:17:38.296Z] Checked if tokens are valid: true, expires at: 1762039019319
[debug] [2025-11-01T22:17:38.296Z] >>> [apiv2][query] GET https://cloudfunctions.googleapis.com/v2/projects/truestay-8inf865/locations/us-central1/operations/operation-1762035455336-6428fd965a1e1-e244d85f-2c176d70 [none]
[debug] [2025-11-01T22:17:38.527Z] <<< [apiv2][status] GET https://cloudfunctions.googleapis.com/v2/projects/truestay-8inf865/locations/us-central1/operations/operation-1762035455336-6428fd965a1e1-e244d85f-2c176d70 200
[debug] [2025-11-01T22:17:38.527Z] <<< [apiv2][body] GET https://cloudfunctions.googleapis.com/v2/projects/truestay-8inf865/locations/us-central1/operations/operation-1762035455336-6428fd965a1e1-e244d85f-2c176d70 {"name":"projects/truestay-8inf865/locations/us-central1/operations/operation-1762035455336-6428fd965a1e1-e244d85f-2c176d70","metadata":{"@type":"type.googleapis.com/google.cloud.functions.v2.OperationMetadata","createTime":"2025-11-01T22:17:36.208279446Z","target":"projects/truestay-8inf865/locations/us-central1/functions/syncUserEmail","verb":"update","cancelRequested":false,"apiVersion":"v2","requestResource":{"@type":"type.googleapis.com/google.cloud.functions.v2.Function","name":"projects/truestay-8inf865/locations/us-central1/functions/syncUserEmail","buildConfig":{"runtime":"nodejs22","entryPoint":"syncUserEmail","source":{"storageSource":{"bucket":"gcf-v2-sources-528202518737-us-central1","object":"syncUserEmail/function-source.zip","generation":"1762035456155082"}},"environmentVariables":{"GOOGLE_NODE_RUN_SCRIPTS":""},"dockerRepository":"projects/truestay-8inf865/locations/us-central1/repositories/gcf-artifacts","sourceProvenance":{"resolvedStorageSource":{"bucket":"gcf-v2-sources-528202518737-us-central1","object":"syncUserEmail/function-source.zip","generation":"1762034537977512"}},"dockerRegistry":"ARTIFACT_REGISTRY","serviceAccount":"projects/truestay-8inf865/serviceAccounts/528202518737-compute@developer.gserviceaccount.com","automaticUpdatePolicy":{}},"serviceConfig":{"service":"projects/truestay-8inf865/locations/us-central1/services/syncuseremail","timeoutSeconds":60,"environmentVariables":{"FIREBASE_CONFIG":"{\"projectId\":\"truestay-8inf865\",\"storageBucket\":\"truestay-8inf865.firebasestorage.app\"}","GCLOUD_PROJECT":"truestay-8inf865","EVENTARC_CLOUD_EVENT_SOURCE":"projects/truestay-8inf865/locations/us-central1/services/syncUserEmail","FUNCTION_TARGET":"syncUserEmail","LOG_EXECUTION_ID":"true"},"maxInstanceCount":2,"ingressSettings":"ALLOW_ALL","serviceAccountEmail":"528202518737-compute@developer.gserviceaccount.com","availableMemory":"256Mi","maxInstanceRequestConcurrency":80,"availableCpu":"1"},"state":"FAILED","labels":{"deployment-blocking":"before-sign-in","firebase-functions-hash":"216e8a56350e720bf9403354df6ed7fb35bc7a40"},"stateMessages":[{"severity":"ERROR","type":"CloudRunServiceNotFound","message":"Cloud Run service projects/truestay-8inf865/locations/us-central1/services/syncuseremail for the function was not found. The function will not work correctly. Please redeploy."}],"environment":"GEN_2","url":"https://us-central1-truestay-8inf865.cloudfunctions.net/syncUserEmail","satisfiesPzi":true},"stages":[{"name":"BUILD","message":"Build in progress","state":"IN_PROGRESS","resource":"projects/528202518737/locations/us-central1/builds/974f1846-a67a-4663-a8e9-2843e8e5a8ac","resourceUri":"https://console.cloud.google.com/cloud-build/builds;region=us-central1/974f1846-a67a-4663-a8e9-2843e8e5a8ac?project=528202518737"},{"name":"SERVICE","state":"NOT_STARTED"}],"operationType":"UPDATE_FUNCTION","buildName":"projects/528202518737/locations/us-central1/builds/974f1846-a67a-4663-a8e9-2843e8e5a8ac"},"done":false}
[debug] [2025-11-01T22:17:39.528Z] [update-default-us-central1-syncUserEmail] Retrying task index 0
[debug] [2025-11-01T22:17:39.529Z] Checked if tokens are valid: true, expires at: 1762039019319
[debug] [2025-11-01T22:17:39.529Z] Checked if tokens are valid: true, expires at: 1762039019319
[debug] [2025-11-01T22:17:39.529Z] >>> [apiv2][query] GET https://cloudfunctions.googleapis.com/v2/projects/truestay-8inf865/locations/us-central1/operations/operation-1762035455336-6428fd965a1e1-e244d85f-2c176d70 [none]
[debug] [2025-11-01T22:17:39.761Z] <<< [apiv2][status] GET https://cloudfunctions.googleapis.com/v2/projects/truestay-8inf865/locations/us-central1/operations/operation-1762035455336-6428fd965a1e1-e244d85f-2c176d70 200
[debug] [2025-11-01T22:17:39.761Z] <<< [apiv2][body] GET https://cloudfunctions.googleapis.com/v2/projects/truestay-8inf865/locations/us-central1/operations/operation-1762035455336-6428fd965a1e1-e244d85f-2c176d70 {"name":"projects/truestay-8inf865/locations/us-central1/operations/operation-1762035455336-6428fd965a1e1-e244d85f-2c176d70","metadata":{"@type":"type.googleapis.com/google.cloud.functions.v2.OperationMetadata","createTime":"2025-11-01T22:17:36.208279446Z","target":"projects/truestay-8inf865/locations/us-central1/functions/syncUserEmail","verb":"update","cancelRequested":false,"apiVersion":"v2","requestResource":{"@type":"type.googleapis.com/google.cloud.functions.v2.Function","name":"projects/truestay-8inf865/locations/us-central1/functions/syncUserEmail","buildConfig":{"runtime":"nodejs22","entryPoint":"syncUserEmail","source":{"storageSource":{"bucket":"gcf-v2-sources-528202518737-us-central1","object":"syncUserEmail/function-source.zip","generation":"1762035456155082"}},"environmentVariables":{"GOOGLE_NODE_RUN_SCRIPTS":""},"dockerRepository":"projects/truestay-8inf865/locations/us-central1/repositories/gcf-artifacts","sourceProvenance":{"resolvedStorageSource":{"bucket":"gcf-v2-sources-528202518737-us-central1","object":"syncUserEmail/function-source.zip","generation":"1762034537977512"}},"dockerRegistry":"ARTIFACT_REGISTRY","serviceAccount":"projects/truestay-8inf865/serviceAccounts/528202518737-compute@developer.gserviceaccount.com","automaticUpdatePolicy":{}},"serviceConfig":{"service":"projects/truestay-8inf865/locations/us-central1/services/syncuseremail","timeoutSeconds":60,"environmentVariables":{"FIREBASE_CONFIG":"{\"projectId\":\"truestay-8inf865\",\"storageBucket\":\"truestay-8inf865.firebasestorage.app\"}","GCLOUD_PROJECT":"truestay-8inf865","EVENTARC_CLOUD_EVENT_SOURCE":"projects/truestay-8inf865/locations/us-central1/services/syncUserEmail","FUNCTION_TARGET":"syncUserEmail","LOG_EXECUTION_ID":"true"},"maxInstanceCount":2,"ingressSettings":"ALLOW_ALL","serviceAccountEmail":"528202518737-compute@developer.gserviceaccount.com","availableMemory":"256Mi","maxInstanceRequestConcurrency":80,"availableCpu":"1"},"state":"FAILED","labels":{"deployment-blocking":"before-sign-in","firebase-functions-hash":"216e8a56350e720bf9403354df6ed7fb35bc7a40"},"stateMessages":[{"severity":"ERROR","type":"CloudRunServiceNotFound","message":"Cloud Run service projects/truestay-8inf865/locations/us-central1/services/syncuseremail for the function was not found. The function will not work correctly. Please redeploy."}],"environment":"GEN_2","url":"https://us-central1-truestay-8inf865.cloudfunctions.net/syncUserEmail","satisfiesPzi":true},"stages":[{"name":"BUILD","message":"Build in progress","state":"IN_PROGRESS","resource":"projects/528202518737/locations/us-central1/builds/974f1846-a67a-4663-a8e9-2843e8e5a8ac","resourceUri":"https://console.cloud.google.com/cloud-build/builds;region=us-central1/974f1846-a67a-4663-a8e9-2843e8e5a8ac?project=528202518737"},{"name":"SERVICE","state":"NOT_STARTED"}],"operationType":"UPDATE_FUNCTION","buildName":"projects/528202518737/locations/us-central1/builds/974f1846-a67a-4663-a8e9-2843e8e5a8ac"},"done":false}
[debug] [2025-11-01T22:17:41.762Z] [update-default-us-central1-syncUserEmail] Retrying task index 0
[debug] [2025-11-01T22:17:41.762Z] Checked if tokens are valid: true, expires at: 1762039019319
[debug] [2025-11-01T22:17:41.762Z] Checked if tokens are valid: true, expires at: 1762039019319
[debug] [2025-11-01T22:17:41.762Z] >>> [apiv2][query] GET https://cloudfunctions.googleapis.com/v2/projects/truestay-8inf865/locations/us-central1/operations/operation-1762035455336-6428fd965a1e1-e244d85f-2c176d70 [none]
[debug] [2025-11-01T22:17:41.982Z] <<< [apiv2][status] GET https://cloudfunctions.googleapis.com/v2/projects/truestay-8inf865/locations/us-central1/operations/operation-1762035455336-6428fd965a1e1-e244d85f-2c176d70 200
[debug] [2025-11-01T22:17:41.982Z] <<< [apiv2][body] GET https://cloudfunctions.googleapis.com/v2/projects/truestay-8inf865/locations/us-central1/operations/operation-1762035455336-6428fd965a1e1-e244d85f-2c176d70 {"name":"projects/truestay-8inf865/locations/us-central1/operations/operation-1762035455336-6428fd965a1e1-e244d85f-2c176d70","metadata":{"@type":"type.googleapis.com/google.cloud.functions.v2.OperationMetadata","createTime":"2025-11-01T22:17:36.208279446Z","target":"projects/truestay-8inf865/locations/us-central1/functions/syncUserEmail","verb":"update","cancelRequested":false,"apiVersion":"v2","requestResource":{"@type":"type.googleapis.com/google.cloud.functions.v2.Function","name":"projects/truestay-8inf865/locations/us-central1/functions/syncUserEmail","buildConfig":{"runtime":"nodejs22","entryPoint":"syncUserEmail","source":{"storageSource":{"bucket":"gcf-v2-sources-528202518737-us-central1","object":"syncUserEmail/function-source.zip","generation":"1762035456155082"}},"environmentVariables":{"GOOGLE_NODE_RUN_SCRIPTS":""},"dockerRepository":"projects/truestay-8inf865/locations/us-central1/repositories/gcf-artifacts","sourceProvenance":{"resolvedStorageSource":{"bucket":"gcf-v2-sources-528202518737-us-central1","object":"syncUserEmail/function-source.zip","generation":"1762034537977512"}},"dockerRegistry":"ARTIFACT_REGISTRY","serviceAccount":"projects/truestay-8inf865/serviceAccounts/528202518737-compute@developer.gserviceaccount.com","automaticUpdatePolicy":{}},"serviceConfig":{"service":"projects/truestay-8inf865/locations/us-central1/services/syncuseremail","timeoutSeconds":60,"environmentVariables":{"FIREBASE_CONFIG":"{\"projectId\":\"truestay-8inf865\",\"storageBucket\":\"truestay-8inf865.firebasestorage.app\"}","GCLOUD_PROJECT":"truestay-8inf865","EVENTARC_CLOUD_EVENT_SOURCE":"projects/truestay-8inf865/locations/us-central1/services/syncUserEmail","FUNCTION_TARGET":"syncUserEmail","LOG_EXECUTION_ID":"true"},"maxInstanceCount":2,"ingressSettings":"ALLOW_ALL","serviceAccountEmail":"528202518737-compute@developer.gserviceaccount.com","availableMemory":"256Mi","maxInstanceRequestConcurrency":80,"availableCpu":"1"},"state":"FAILED","labels":{"deployment-blocking":"before-sign-in","firebase-functions-hash":"216e8a56350e720bf9403354df6ed7fb35bc7a40"},"stateMessages":[{"severity":"ERROR","type":"CloudRunServiceNotFound","message":"Cloud Run service projects/truestay-8inf865/locations/us-central1/services/syncuseremail for the function was not found. The function will not work correctly. Please redeploy."}],"environment":"GEN_2","url":"https://us-central1-truestay-8inf865.cloudfunctions.net/syncUserEmail","satisfiesPzi":true},"stages":[{"name":"BUILD","message":"Build in progress","state":"IN_PROGRESS","resource":"projects/528202518737/locations/us-central1/builds/974f1846-a67a-4663-a8e9-2843e8e5a8ac","resourceUri":"https://console.cloud.google.com/cloud-build/builds;region=us-central1/974f1846-a67a-4663-a8e9-2843e8e5a8ac?project=528202518737"},{"name":"SERVICE","state":"NOT_STARTED"}],"operationType":"UPDATE_FUNCTION","buildName":"projects/528202518737/locations/us-central1/builds/974f1846-a67a-4663-a8e9-2843e8e5a8ac"},"done":false}
[debug] [2025-11-01T22:17:45.990Z] [update-default-us-central1-syncUserEmail] Retrying task index 0
[debug] [2025-11-01T22:17:45.991Z] Checked if tokens are valid: true, expires at: 1762039019319
[debug] [2025-11-01T22:17:45.991Z] Checked if tokens are valid: true, expires at: 1762039019319
[debug] [2025-11-01T22:17:45.991Z] >>> [apiv2][query] GET https://cloudfunctions.googleapis.com/v2/projects/truestay-8inf865/locations/us-central1/operations/operation-1762035455336-6428fd965a1e1-e244d85f-2c176d70 [none]
[debug] [2025-11-01T22:17:46.225Z] <<< [apiv2][status] GET https://cloudfunctions.googleapis.com/v2/projects/truestay-8inf865/locations/us-central1/operations/operation-1762035455336-6428fd965a1e1-e244d85f-2c176d70 200
[debug] [2025-11-01T22:17:46.225Z] <<< [apiv2][body] GET https://cloudfunctions.googleapis.com/v2/projects/truestay-8inf865/locations/us-central1/operations/operation-1762035455336-6428fd965a1e1-e244d85f-2c176d70 {"name":"projects/truestay-8inf865/locations/us-central1/operations/operation-1762035455336-6428fd965a1e1-e244d85f-2c176d70","metadata":{"@type":"type.googleapis.com/google.cloud.functions.v2.OperationMetadata","createTime":"2025-11-01T22:17:36.208279446Z","target":"projects/truestay-8inf865/locations/us-central1/functions/syncUserEmail","verb":"update","cancelRequested":false,"apiVersion":"v2","requestResource":{"@type":"type.googleapis.com/google.cloud.functions.v2.Function","name":"projects/truestay-8inf865/locations/us-central1/functions/syncUserEmail","buildConfig":{"runtime":"nodejs22","entryPoint":"syncUserEmail","source":{"storageSource":{"bucket":"gcf-v2-sources-528202518737-us-central1","object":"syncUserEmail/function-source.zip","generation":"1762035456155082"}},"environmentVariables":{"GOOGLE_NODE_RUN_SCRIPTS":""},"dockerRepository":"projects/truestay-8inf865/locations/us-central1/repositories/gcf-artifacts","sourceProvenance":{"resolvedStorageSource":{"bucket":"gcf-v2-sources-528202518737-us-central1","object":"syncUserEmail/function-source.zip","generation":"1762034537977512"}},"dockerRegistry":"ARTIFACT_REGISTRY","serviceAccount":"projects/truestay-8inf865/serviceAccounts/528202518737-compute@developer.gserviceaccount.com","automaticUpdatePolicy":{}},"serviceConfig":{"service":"projects/truestay-8inf865/locations/us-central1/services/syncuseremail","timeoutSeconds":60,"environmentVariables":{"FIREBASE_CONFIG":"{\"projectId\":\"truestay-8inf865\",\"storageBucket\":\"truestay-8inf865.firebasestorage.app\"}","GCLOUD_PROJECT":"truestay-8inf865","EVENTARC_CLOUD_EVENT_SOURCE":"projects/truestay-8inf865/locations/us-central1/services/syncUserEmail","FUNCTION_TARGET":"syncUserEmail","LOG_EXECUTION_ID":"true"},"maxInstanceCount":2,"ingressSettings":"ALLOW_ALL","serviceAccountEmail":"528202518737-compute@developer.gserviceaccount.com","availableMemory":"256Mi","maxInstanceRequestConcurrency":80,"availableCpu":"1"},"state":"FAILED","labels":{"deployment-blocking":"before-sign-in","firebase-functions-hash":"216e8a56350e720bf9403354df6ed7fb35bc7a40"},"stateMessages":[{"severity":"ERROR","type":"CloudRunServiceNotFound","message":"Cloud Run service projects/truestay-8inf865/locations/us-central1/services/syncuseremail for the function was not found. The function will not work correctly. Please redeploy."}],"environment":"GEN_2","url":"https://us-central1-truestay-8inf865.cloudfunctions.net/syncUserEmail","satisfiesPzi":true},"stages":[{"name":"BUILD","message":"Build in progress","state":"IN_PROGRESS","resource":"projects/528202518737/locations/us-central1/builds/974f1846-a67a-4663-a8e9-2843e8e5a8ac","resourceUri":"https://console.cloud.google.com/cloud-build/builds;region=us-central1/974f1846-a67a-4663-a8e9-2843e8e5a8ac?project=528202518737"},{"name":"SERVICE","state":"NOT_STARTED"}],"operationType":"UPDATE_FUNCTION","buildName":"projects/528202518737/locations/us-central1/builds/974f1846-a67a-4663-a8e9-2843e8e5a8ac"},"done":false}
[debug] [2025-11-01T22:17:54.229Z] [update-default-us-central1-syncUserEmail] Retrying task index 0
[debug] [2025-11-01T22:17:54.229Z] Checked if tokens are valid: true, expires at: 1762039019319
[debug] [2025-11-01T22:17:54.229Z] Checked if tokens are valid: true, expires at: 1762039019319
[debug] [2025-11-01T22:17:54.230Z] >>> [apiv2][query] GET https://cloudfunctions.googleapis.com/v2/projects/truestay-8inf865/locations/us-central1/operations/operation-1762035455336-6428fd965a1e1-e244d85f-2c176d70 [none]
[debug] [2025-11-01T22:17:54.501Z] <<< [apiv2][status] GET https://cloudfunctions.googleapis.com/v2/projects/truestay-8inf865/locations/us-central1/operations/operation-1762035455336-6428fd965a1e1-e244d85f-2c176d70 200
[debug] [2025-11-01T22:17:54.502Z] <<< [apiv2][body] GET https://cloudfunctions.googleapis.com/v2/projects/truestay-8inf865/locations/us-central1/operations/operation-1762035455336-6428fd965a1e1-e244d85f-2c176d70 {"name":"projects/truestay-8inf865/locations/us-central1/operations/operation-1762035455336-6428fd965a1e1-e244d85f-2c176d70","metadata":{"@type":"type.googleapis.com/google.cloud.functions.v2.OperationMetadata","createTime":"2025-11-01T22:17:36.208279446Z","target":"projects/truestay-8inf865/locations/us-central1/functions/syncUserEmail","verb":"update","cancelRequested":false,"apiVersion":"v2","requestResource":{"@type":"type.googleapis.com/google.cloud.functions.v2.Function","name":"projects/truestay-8inf865/locations/us-central1/functions/syncUserEmail","buildConfig":{"runtime":"nodejs22","entryPoint":"syncUserEmail","source":{"storageSource":{"bucket":"gcf-v2-sources-528202518737-us-central1","object":"syncUserEmail/function-source.zip","generation":"1762035456155082"}},"environmentVariables":{"GOOGLE_NODE_RUN_SCRIPTS":""},"dockerRepository":"projects/truestay-8inf865/locations/us-central1/repositories/gcf-artifacts","sourceProvenance":{"resolvedStorageSource":{"bucket":"gcf-v2-sources-528202518737-us-central1","object":"syncUserEmail/function-source.zip","generation":"1762034537977512"}},"dockerRegistry":"ARTIFACT_REGISTRY","serviceAccount":"projects/truestay-8inf865/serviceAccounts/528202518737-compute@developer.gserviceaccount.com","automaticUpdatePolicy":{}},"serviceConfig":{"service":"projects/truestay-8inf865/locations/us-central1/services/syncuseremail","timeoutSeconds":60,"environmentVariables":{"FIREBASE_CONFIG":"{\"projectId\":\"truestay-8inf865\",\"storageBucket\":\"truestay-8inf865.firebasestorage.app\"}","GCLOUD_PROJECT":"truestay-8inf865","EVENTARC_CLOUD_EVENT_SOURCE":"projects/truestay-8inf865/locations/us-central1/services/syncUserEmail","FUNCTION_TARGET":"syncUserEmail","LOG_EXECUTION_ID":"true"},"maxInstanceCount":2,"ingressSettings":"ALLOW_ALL","serviceAccountEmail":"528202518737-compute@developer.gserviceaccount.com","availableMemory":"256Mi","maxInstanceRequestConcurrency":80,"availableCpu":"1"},"state":"FAILED","labels":{"deployment-blocking":"before-sign-in","firebase-functions-hash":"216e8a56350e720bf9403354df6ed7fb35bc7a40"},"stateMessages":[{"severity":"ERROR","type":"CloudRunServiceNotFound","message":"Cloud Run service projects/truestay-8inf865/locations/us-central1/services/syncuseremail for the function was not found. The function will not work correctly. Please redeploy."}],"environment":"GEN_2","url":"https://us-central1-truestay-8inf865.cloudfunctions.net/syncUserEmail","satisfiesPzi":true},"stages":[{"name":"BUILD","message":"Build in progress","state":"IN_PROGRESS","resource":"projects/528202518737/locations/us-central1/builds/974f1846-a67a-4663-a8e9-2843e8e5a8ac","resourceUri":"https://console.cloud.google.com/cloud-build/builds;region=us-central1/974f1846-a67a-4663-a8e9-2843e8e5a8ac?project=528202518737"},{"name":"SERVICE","state":"NOT_STARTED"}],"operationType":"UPDATE_FUNCTION","buildName":"projects/528202518737/locations/us-central1/builds/974f1846-a67a-4663-a8e9-2843e8e5a8ac"},"done":false}
[debug] [2025-11-01T22:18:04.517Z] [update-default-us-central1-syncUserEmail] Retrying task index 0
[debug] [2025-11-01T22:18:04.517Z] Checked if tokens are valid: true, expires at: 1762039019319
[debug] [2025-11-01T22:18:04.517Z] Checked if tokens are valid: true, expires at: 1762039019319
[debug] [2025-11-01T22:18:04.518Z] >>> [apiv2][query] GET https://cloudfunctions.googleapis.com/v2/projects/truestay-8inf865/locations/us-central1/operations/operation-1762035455336-6428fd965a1e1-e244d85f-2c176d70 [none]
[debug] [2025-11-01T22:18:04.834Z] <<< [apiv2][status] GET https://cloudfunctions.googleapis.com/v2/projects/truestay-8inf865/locations/us-central1/operations/operation-1762035455336-6428fd965a1e1-e244d85f-2c176d70 200
[debug] [2025-11-01T22:18:04.835Z] <<< [apiv2][body] GET https://cloudfunctions.googleapis.com/v2/projects/truestay-8inf865/locations/us-central1/operations/operation-1762035455336-6428fd965a1e1-e244d85f-2c176d70 {"name":"projects/truestay-8inf865/locations/us-central1/operations/operation-1762035455336-6428fd965a1e1-e244d85f-2c176d70","metadata":{"@type":"type.googleapis.com/google.cloud.functions.v2.OperationMetadata","createTime":"2025-11-01T22:17:36.208279446Z","target":"projects/truestay-8inf865/locations/us-central1/functions/syncUserEmail","verb":"update","cancelRequested":false,"apiVersion":"v2","requestResource":{"@type":"type.googleapis.com/google.cloud.functions.v2.Function","name":"projects/truestay-8inf865/locations/us-central1/functions/syncUserEmail","buildConfig":{"runtime":"nodejs22","entryPoint":"syncUserEmail","source":{"storageSource":{"bucket":"gcf-v2-sources-528202518737-us-central1","object":"syncUserEmail/function-source.zip","generation":"1762035456155082"}},"environmentVariables":{"GOOGLE_NODE_RUN_SCRIPTS":""},"dockerRepository":"projects/truestay-8inf865/locations/us-central1/repositories/gcf-artifacts","sourceProvenance":{"resolvedStorageSource":{"bucket":"gcf-v2-sources-528202518737-us-central1","object":"syncUserEmail/function-source.zip","generation":"1762034537977512"}},"dockerRegistry":"ARTIFACT_REGISTRY","serviceAccount":"projects/truestay-8inf865/serviceAccounts/528202518737-compute@developer.gserviceaccount.com","automaticUpdatePolicy":{}},"serviceConfig":{"service":"projects/truestay-8inf865/locations/us-central1/services/syncuseremail","timeoutSeconds":60,"environmentVariables":{"FIREBASE_CONFIG":"{\"projectId\":\"truestay-8inf865\",\"storageBucket\":\"truestay-8inf865.firebasestorage.app\"}","GCLOUD_PROJECT":"truestay-8inf865","EVENTARC_CLOUD_EVENT_SOURCE":"projects/truestay-8inf865/locations/us-central1/services/syncUserEmail","FUNCTION_TARGET":"syncUserEmail","LOG_EXECUTION_ID":"true"},"maxInstanceCount":2,"ingressSettings":"ALLOW_ALL","serviceAccountEmail":"528202518737-compute@developer.gserviceaccount.com","availableMemory":"256Mi","maxInstanceRequestConcurrency":80,"availableCpu":"1"},"state":"FAILED","labels":{"deployment-blocking":"before-sign-in","firebase-functions-hash":"216e8a56350e720bf9403354df6ed7fb35bc7a40"},"stateMessages":[{"severity":"ERROR","type":"CloudRunServiceNotFound","message":"Cloud Run service projects/truestay-8inf865/locations/us-central1/services/syncuseremail for the function was not found. The function will not work correctly. Please redeploy."}],"environment":"GEN_2","url":"https://us-central1-truestay-8inf865.cloudfunctions.net/syncUserEmail","satisfiesPzi":true},"stages":[{"name":"BUILD","message":"Build in progress","state":"IN_PROGRESS","resource":"projects/528202518737/locations/us-central1/builds/974f1846-a67a-4663-a8e9-2843e8e5a8ac","resourceUri":"https://console.cloud.google.com/cloud-build/builds;region=us-central1/974f1846-a67a-4663-a8e9-2843e8e5a8ac?project=528202518737"},{"name":"SERVICE","state":"NOT_STARTED"}],"operationType":"UPDATE_FUNCTION","buildName":"projects/528202518737/locations/us-central1/builds/974f1846-a67a-4663-a8e9-2843e8e5a8ac"},"done":false}
[debug] [2025-11-01T22:18:14.847Z] [update-default-us-central1-syncUserEmail] Retrying task index 0
[debug] [2025-11-01T22:18:14.848Z] Checked if tokens are valid: true, expires at: 1762039019319
[debug] [2025-11-01T22:18:14.848Z] Checked if tokens are valid: true, expires at: 1762039019319
[debug] [2025-11-01T22:18:14.848Z] >>> [apiv2][query] GET https://cloudfunctions.googleapis.com/v2/projects/truestay-8inf865/locations/us-central1/operations/operation-1762035455336-6428fd965a1e1-e244d85f-2c176d70 [none]
[debug] [2025-11-01T22:18:15.157Z] <<< [apiv2][status] GET https://cloudfunctions.googleapis.com/v2/projects/truestay-8inf865/locations/us-central1/operations/operation-1762035455336-6428fd965a1e1-e244d85f-2c176d70 200
[debug] [2025-11-01T22:18:15.157Z] <<< [apiv2][body] GET https://cloudfunctions.googleapis.com/v2/projects/truestay-8inf865/locations/us-central1/operations/operation-1762035455336-6428fd965a1e1-e244d85f-2c176d70 {"name":"projects/truestay-8inf865/locations/us-central1/operations/operation-1762035455336-6428fd965a1e1-e244d85f-2c176d70","metadata":{"@type":"type.googleapis.com/google.cloud.functions.v2.OperationMetadata","createTime":"2025-11-01T22:17:36.208279446Z","target":"projects/truestay-8inf865/locations/us-central1/functions/syncUserEmail","verb":"update","cancelRequested":false,"apiVersion":"v2","requestResource":{"@type":"type.googleapis.com/google.cloud.functions.v2.Function","name":"projects/truestay-8inf865/locations/us-central1/functions/syncUserEmail","buildConfig":{"runtime":"nodejs22","entryPoint":"syncUserEmail","source":{"storageSource":{"bucket":"gcf-v2-sources-528202518737-us-central1","object":"syncUserEmail/function-source.zip","generation":"1762035456155082"}},"environmentVariables":{"GOOGLE_NODE_RUN_SCRIPTS":""},"dockerRepository":"projects/truestay-8inf865/locations/us-central1/repositories/gcf-artifacts","sourceProvenance":{"resolvedStorageSource":{"bucket":"gcf-v2-sources-528202518737-us-central1","object":"syncUserEmail/function-source.zip","generation":"1762034537977512"}},"dockerRegistry":"ARTIFACT_REGISTRY","serviceAccount":"projects/truestay-8inf865/serviceAccounts/528202518737-compute@developer.gserviceaccount.com","automaticUpdatePolicy":{}},"serviceConfig":{"service":"projects/truestay-8inf865/locations/us-central1/services/syncuseremail","timeoutSeconds":60,"environmentVariables":{"FIREBASE_CONFIG":"{\"projectId\":\"truestay-8inf865\",\"storageBucket\":\"truestay-8inf865.firebasestorage.app\"}","GCLOUD_PROJECT":"truestay-8inf865","EVENTARC_CLOUD_EVENT_SOURCE":"projects/truestay-8inf865/locations/us-central1/services/syncUserEmail","FUNCTION_TARGET":"syncUserEmail","LOG_EXECUTION_ID":"true"},"maxInstanceCount":2,"ingressSettings":"ALLOW_ALL","serviceAccountEmail":"528202518737-compute@developer.gserviceaccount.com","availableMemory":"256Mi","maxInstanceRequestConcurrency":80,"availableCpu":"1"},"state":"FAILED","labels":{"deployment-blocking":"before-sign-in","firebase-functions-hash":"216e8a56350e720bf9403354df6ed7fb35bc7a40"},"stateMessages":[{"severity":"ERROR","type":"CloudRunServiceNotFound","message":"Cloud Run service projects/truestay-8inf865/locations/us-central1/services/syncuseremail for the function was not found. The function will not work correctly. Please redeploy."}],"environment":"GEN_2","url":"https://us-central1-truestay-8inf865.cloudfunctions.net/syncUserEmail","satisfiesPzi":true},"stages":[{"name":"BUILD","message":"Build in progress","state":"IN_PROGRESS","resource":"projects/528202518737/locations/us-central1/builds/974f1846-a67a-4663-a8e9-2843e8e5a8ac","resourceUri":"https://console.cloud.google.com/cloud-build/builds;region=us-central1/974f1846-a67a-4663-a8e9-2843e8e5a8ac?project=528202518737"},{"name":"SERVICE","state":"NOT_STARTED"}],"operationType":"UPDATE_FUNCTION","buildName":"projects/528202518737/locations/us-central1/builds/974f1846-a67a-4663-a8e9-2843e8e5a8ac"},"done":false}
[debug] [2025-11-01T22:18:25.164Z] [update-default-us-central1-syncUserEmail] Retrying task index 0
[debug] [2025-11-01T22:18:25.165Z] Checked if tokens are valid: true, expires at: 1762039019319
[debug] [2025-11-01T22:18:25.165Z] Checked if tokens are valid: true, expires at: 1762039019319
[debug] [2025-11-01T22:18:25.166Z] >>> [apiv2][query] GET https://cloudfunctions.googleapis.com/v2/projects/truestay-8inf865/locations/us-central1/operations/operation-1762035455336-6428fd965a1e1-e244d85f-2c176d70 [none]
[debug] [2025-11-01T22:18:25.455Z] <<< [apiv2][status] GET https://cloudfunctions.googleapis.com/v2/projects/truestay-8inf865/locations/us-central1/operations/operation-1762035455336-6428fd965a1e1-e244d85f-2c176d70 200
[debug] [2025-11-01T22:18:25.455Z] <<< [apiv2][body] GET https://cloudfunctions.googleapis.com/v2/projects/truestay-8inf865/locations/us-central1/operations/operation-1762035455336-6428fd965a1e1-e244d85f-2c176d70 {"name":"projects/truestay-8inf865/locations/us-central1/operations/operation-1762035455336-6428fd965a1e1-e244d85f-2c176d70","metadata":{"@type":"type.googleapis.com/google.cloud.functions.v2.OperationMetadata","createTime":"2025-11-01T22:17:36.208279446Z","target":"projects/truestay-8inf865/locations/us-central1/functions/syncUserEmail","verb":"update","cancelRequested":false,"apiVersion":"v2","requestResource":{"@type":"type.googleapis.com/google.cloud.functions.v2.Function","name":"projects/truestay-8inf865/locations/us-central1/functions/syncUserEmail","buildConfig":{"runtime":"nodejs22","entryPoint":"syncUserEmail","source":{"storageSource":{"bucket":"gcf-v2-sources-528202518737-us-central1","object":"syncUserEmail/function-source.zip","generation":"1762035456155082"}},"environmentVariables":{"GOOGLE_NODE_RUN_SCRIPTS":""},"dockerRepository":"projects/truestay-8inf865/locations/us-central1/repositories/gcf-artifacts","sourceProvenance":{"resolvedStorageSource":{"bucket":"gcf-v2-sources-528202518737-us-central1","object":"syncUserEmail/function-source.zip","generation":"1762034537977512"}},"dockerRegistry":"ARTIFACT_REGISTRY","serviceAccount":"projects/truestay-8inf865/serviceAccounts/528202518737-compute@developer.gserviceaccount.com","automaticUpdatePolicy":{}},"serviceConfig":{"service":"projects/truestay-8inf865/locations/us-central1/services/syncuseremail","timeoutSeconds":60,"environmentVariables":{"FIREBASE_CONFIG":"{\"projectId\":\"truestay-8inf865\",\"storageBucket\":\"truestay-8inf865.firebasestorage.app\"}","GCLOUD_PROJECT":"truestay-8inf865","EVENTARC_CLOUD_EVENT_SOURCE":"projects/truestay-8inf865/locations/us-central1/services/syncUserEmail","FUNCTION_TARGET":"syncUserEmail","LOG_EXECUTION_ID":"true"},"maxInstanceCount":2,"ingressSettings":"ALLOW_ALL","serviceAccountEmail":"528202518737-compute@developer.gserviceaccount.com","availableMemory":"256Mi","maxInstanceRequestConcurrency":80,"availableCpu":"1"},"state":"FAILED","labels":{"deployment-blocking":"before-sign-in","firebase-functions-hash":"216e8a56350e720bf9403354df6ed7fb35bc7a40"},"stateMessages":[{"severity":"ERROR","type":"CloudRunServiceNotFound","message":"Cloud Run service projects/truestay-8inf865/locations/us-central1/services/syncuseremail for the function was not found. The function will not work correctly. Please redeploy."}],"environment":"GEN_2","url":"https://us-central1-truestay-8inf865.cloudfunctions.net/syncUserEmail","satisfiesPzi":true},"stages":[{"name":"BUILD","message":"Build in progress","state":"IN_PROGRESS","resource":"projects/528202518737/locations/us-central1/builds/974f1846-a67a-4663-a8e9-2843e8e5a8ac","resourceUri":"https://console.cloud.google.com/cloud-build/builds;region=us-central1/974f1846-a67a-4663-a8e9-2843e8e5a8ac?project=528202518737"},{"name":"SERVICE","state":"NOT_STARTED"}],"operationType":"UPDATE_FUNCTION","buildName":"projects/528202518737/locations/us-central1/builds/974f1846-a67a-4663-a8e9-2843e8e5a8ac"},"done":false}
[debug] [2025-11-01T22:18:35.461Z] [update-default-us-central1-syncUserEmail] Retrying task index 0
[debug] [2025-11-01T22:18:35.462Z] Checked if tokens are valid: true, expires at: 1762039019319
[debug] [2025-11-01T22:18:35.462Z] Checked if tokens are valid: true, expires at: 1762039019319
[debug] [2025-11-01T22:18:35.462Z] >>> [apiv2][query] GET https://cloudfunctions.googleapis.com/v2/projects/truestay-8inf865/locations/us-central1/operations/operation-1762035455336-6428fd965a1e1-e244d85f-2c176d70 [none]
[debug] [2025-11-01T22:18:36.003Z] <<< [apiv2][status] GET https://cloudfunctions.googleapis.com/v2/projects/truestay-8inf865/locations/us-central1/operations/operation-1762035455336-6428fd965a1e1-e244d85f-2c176d70 200
[debug] [2025-11-01T22:18:36.003Z] <<< [apiv2][body] GET https://cloudfunctions.googleapis.com/v2/projects/truestay-8inf865/locations/us-central1/operations/operation-1762035455336-6428fd965a1e1-e244d85f-2c176d70 {"name":"projects/truestay-8inf865/locations/us-central1/operations/operation-1762035455336-6428fd965a1e1-e244d85f-2c176d70","metadata":{"@type":"type.googleapis.com/google.cloud.functions.v2.OperationMetadata","createTime":"2025-11-01T22:17:36.208279446Z","target":"projects/truestay-8inf865/locations/us-central1/functions/syncUserEmail","verb":"update","cancelRequested":false,"apiVersion":"v2","requestResource":{"@type":"type.googleapis.com/google.cloud.functions.v2.Function","name":"projects/truestay-8inf865/locations/us-central1/functions/syncUserEmail","buildConfig":{"runtime":"nodejs22","entryPoint":"syncUserEmail","source":{"storageSource":{"bucket":"gcf-v2-sources-528202518737-us-central1","object":"syncUserEmail/function-source.zip","generation":"1762035456155082"}},"environmentVariables":{"GOOGLE_NODE_RUN_SCRIPTS":""},"dockerRepository":"projects/truestay-8inf865/locations/us-central1/repositories/gcf-artifacts","sourceProvenance":{"resolvedStorageSource":{"bucket":"gcf-v2-sources-528202518737-us-central1","object":"syncUserEmail/function-source.zip","generation":"1762034537977512"}},"dockerRegistry":"ARTIFACT_REGISTRY","serviceAccount":"projects/truestay-8inf865/serviceAccounts/528202518737-compute@developer.gserviceaccount.com","automaticUpdatePolicy":{}},"serviceConfig":{"service":"projects/truestay-8inf865/locations/us-central1/services/syncuseremail","timeoutSeconds":60,"environmentVariables":{"FIREBASE_CONFIG":"{\"projectId\":\"truestay-8inf865\",\"storageBucket\":\"truestay-8inf865.firebasestorage.app\"}","GCLOUD_PROJECT":"truestay-8inf865","EVENTARC_CLOUD_EVENT_SOURCE":"projects/truestay-8inf865/locations/us-central1/services/syncUserEmail","FUNCTION_TARGET":"syncUserEmail","LOG_EXECUTION_ID":"true"},"maxInstanceCount":2,"ingressSettings":"ALLOW_ALL","serviceAccountEmail":"528202518737-compute@developer.gserviceaccount.com","availableMemory":"256Mi","maxInstanceRequestConcurrency":80,"availableCpu":"1"},"state":"FAILED","labels":{"deployment-blocking":"before-sign-in","firebase-functions-hash":"216e8a56350e720bf9403354df6ed7fb35bc7a40"},"stateMessages":[{"severity":"ERROR","type":"CloudRunServiceNotFound","message":"Cloud Run service projects/truestay-8inf865/locations/us-central1/services/syncuseremail for the function was not found. The function will not work correctly. Please redeploy."}],"environment":"GEN_2","url":"https://us-central1-truestay-8inf865.cloudfunctions.net/syncUserEmail","satisfiesPzi":true},"stages":[{"name":"BUILD","message":"Build finished","state":"COMPLETE","resource":"projects/528202518737/locations/us-central1/builds/974f1846-a67a-4663-a8e9-2843e8e5a8ac","resourceUri":"https://console.cloud.google.com/cloud-build/builds;region=us-central1/974f1846-a67a-4663-a8e9-2843e8e5a8ac?project=528202518737"},{"name":"SERVICE","message":"Updating Cloud Run service","state":"IN_PROGRESS","resource":"projects/truestay-8inf865/locations/us-central1/services/syncuseremail","resourceUri":"https://console.cloud.google.com/run/detail/us-central1/syncuseremail?project=truestay-8inf865","stateMessages":[{"severity":"WARNING","type":"CloudRunServiceRecreated","message":"Cloud Run service projects/truestay-8inf865/locations/us-central1/services/syncuseremail for the function was not found. The service was redeployed with default values."}]}],"sourceToken":"Cldwcm9qZWN0cy81MjgyMDI1MTg3MzcvbG9jYXRpb25zL3VzLWNlbnRyYWwxL2J1aWxkcy85NzRmMTg0Ni1hNjdhLTQ2NjMtYThlOS0yODQzZThlNWE4YWMSdHVzLWNlbnRyYWwxLWRvY2tlci5wa2cuZGV2L3RydWVzdGF5LThpbmY4NjUvZ2NmLWFydGlmYWN0cy90cnVlc3RheS0tOGluZjg2NV9fdXMtLWNlbnRyYWwxX19zeW5jX3VzZXJfZW1haWw6dmVyc2lvbl8xGNGhy9qvDyJHcHJvamVjdHMvdHJ1ZXN0YXktOGluZjg2NS9sb2NhdGlvbnMvdXMtY2VudHJhbDEvZnVuY3Rpb25zL3N5bmNVc2VyRW1haWwqDAi0jprIBhDAqb67AjIIbm9kZWpzMjI6dgojZ2NyLmlvL2dhZS1ydW50aW1lcy9ub2RlanMyMjpzdGFibGUST3VzLWNlbnRyYWwxLWRvY2tlci5wa2cuZGV2L3NlcnZlcmxlc3MtcnVudGltZXMvZ29vZ2xlLTIyLWZ1bGwvcnVudGltZXMvbm9kZWpzMjJAAQ==","operationType":"UPDATE_FUNCTION","buildName":"projects/528202518737/locations/us-central1/builds/974f1846-a67a-4663-a8e9-2843e8e5a8ac"},"done":false}
[debug] [2025-11-01T22:18:36.003Z] Got source token Cldwcm9qZWN0cy81MjgyMDI1MTg3MzcvbG9jYXRpb25zL3VzLWNlbnRyYWwxL2J1aWxkcy85NzRmMTg0Ni1hNjdhLTQ2NjMtYThlOS0yODQzZThlNWE4YWMSdHVzLWNlbnRyYWwxLWRvY2tlci5wa2cuZGV2L3RydWVzdGF5LThpbmY4NjUvZ2NmLWFydGlmYWN0cy90cnVlc3RheS0tOGluZjg2NV9fdXMtLWNlbnRyYWwxX19zeW5jX3VzZXJfZW1haWw6dmVyc2lvbl8xGNGhy9qvDyJHcHJvamVjdHMvdHJ1ZXN0YXktOGluZjg2NS9sb2NhdGlvbnMvdXMtY2VudHJhbDEvZnVuY3Rpb25zL3N5bmNVc2VyRW1haWwqDAi0jprIBhDAqb67AjIIbm9kZWpzMjI6dgojZ2NyLmlvL2dhZS1ydW50aW1lcy9ub2RlanMyMjpzdGFibGUST3VzLWNlbnRyYWwxLWRvY2tlci5wa2cuZGV2L3NlcnZlcmxlc3MtcnVudGltZXMvZ29vZ2xlLTIyLWZ1bGwvcnVudGltZXMvbm9kZWpzMjJAAQ== for region us-central1
[debug] [2025-11-01T22:18:46.012Z] [update-default-us-central1-syncUserEmail] Retrying task index 0
[debug] [2025-11-01T22:18:46.012Z] Checked if tokens are valid: true, expires at: 1762039019319
[debug] [2025-11-01T22:18:46.013Z] Checked if tokens are valid: true, expires at: 1762039019319
[debug] [2025-11-01T22:18:46.013Z] >>> [apiv2][query] GET https://cloudfunctions.googleapis.com/v2/projects/truestay-8inf865/locations/us-central1/operations/operation-1762035455336-6428fd965a1e1-e244d85f-2c176d70 [none]
[debug] [2025-11-01T22:18:46.270Z] <<< [apiv2][status] GET https://cloudfunctions.googleapis.com/v2/projects/truestay-8inf865/locations/us-central1/operations/operation-1762035455336-6428fd965a1e1-e244d85f-2c176d70 200
[debug] [2025-11-01T22:18:46.271Z] <<< [apiv2][body] GET https://cloudfunctions.googleapis.com/v2/projects/truestay-8inf865/locations/us-central1/operations/operation-1762035455336-6428fd965a1e1-e244d85f-2c176d70 {"name":"projects/truestay-8inf865/locations/us-central1/operations/operation-1762035455336-6428fd965a1e1-e244d85f-2c176d70","metadata":{"@type":"type.googleapis.com/google.cloud.functions.v2.OperationMetadata","createTime":"2025-11-01T22:17:36.208279446Z","endTime":"2025-11-01T22:18:36.472814604Z","target":"projects/truestay-8inf865/locations/us-central1/functions/syncUserEmail","verb":"update","cancelRequested":false,"apiVersion":"v2","requestResource":{"@type":"type.googleapis.com/google.cloud.functions.v2.Function","name":"projects/truestay-8inf865/locations/us-central1/functions/syncUserEmail","buildConfig":{"runtime":"nodejs22","entryPoint":"syncUserEmail","source":{"storageSource":{"bucket":"gcf-v2-sources-528202518737-us-central1","object":"syncUserEmail/function-source.zip","generation":"1762035456155082"}},"environmentVariables":{"GOOGLE_NODE_RUN_SCRIPTS":""},"dockerRepository":"projects/truestay-8inf865/locations/us-central1/repositories/gcf-artifacts","sourceProvenance":{"resolvedStorageSource":{"bucket":"gcf-v2-sources-528202518737-us-central1","object":"syncUserEmail/function-source.zip","generation":"1762034537977512"}},"dockerRegistry":"ARTIFACT_REGISTRY","serviceAccount":"projects/truestay-8inf865/serviceAccounts/528202518737-compute@developer.gserviceaccount.com","automaticUpdatePolicy":{}},"serviceConfig":{"service":"projects/truestay-8inf865/locations/us-central1/services/syncuseremail","timeoutSeconds":60,"environmentVariables":{"FIREBASE_CONFIG":"{\"projectId\":\"truestay-8inf865\",\"storageBucket\":\"truestay-8inf865.firebasestorage.app\"}","GCLOUD_PROJECT":"truestay-8inf865","EVENTARC_CLOUD_EVENT_SOURCE":"projects/truestay-8inf865/locations/us-central1/services/syncUserEmail","FUNCTION_TARGET":"syncUserEmail","LOG_EXECUTION_ID":"true"},"maxInstanceCount":2,"ingressSettings":"ALLOW_ALL","serviceAccountEmail":"528202518737-compute@developer.gserviceaccount.com","availableMemory":"256Mi","maxInstanceRequestConcurrency":80,"availableCpu":"1"},"state":"FAILED","labels":{"deployment-blocking":"before-sign-in","firebase-functions-hash":"216e8a56350e720bf9403354df6ed7fb35bc7a40"},"stateMessages":[{"severity":"ERROR","type":"CloudRunServiceNotFound","message":"Cloud Run service projects/truestay-8inf865/locations/us-central1/services/syncuseremail for the function was not found. The function will not work correctly. Please redeploy."}],"environment":"GEN_2","url":"https://us-central1-truestay-8inf865.cloudfunctions.net/syncUserEmail","satisfiesPzi":true},"stages":[{"name":"BUILD","message":"Build finished","state":"COMPLETE","resource":"projects/528202518737/locations/us-central1/builds/974f1846-a67a-4663-a8e9-2843e8e5a8ac","resourceUri":"https://console.cloud.google.com/cloud-build/builds;region=us-central1/974f1846-a67a-4663-a8e9-2843e8e5a8ac?project=528202518737"},{"name":"SERVICE","message":"Updating Cloud Run service","state":"COMPLETE","resource":"projects/truestay-8inf865/locations/us-central1/services/syncuseremail","resourceUri":"https://console.cloud.google.com/run/detail/us-central1/syncuseremail?project=truestay-8inf865","stateMessages":[{"severity":"WARNING","type":"CloudRunServiceRecreated","message":"Cloud Run service projects/truestay-8inf865/locations/us-central1/services/syncuseremail for the function was not found. The service was redeployed with default values."}]}],"sourceToken":"Cldwcm9qZWN0cy81MjgyMDI1MTg3MzcvbG9jYXRpb25zL3VzLWNlbnRyYWwxL2J1aWxkcy85NzRmMTg0Ni1hNjdhLTQ2NjMtYThlOS0yODQzZThlNWE4YWMSdHVzLWNlbnRyYWwxLWRvY2tlci5wa2cuZGV2L3RydWVzdGF5LThpbmY4NjUvZ2NmLWFydGlmYWN0cy90cnVlc3RheS0tOGluZjg2NV9fdXMtLWNlbnRyYWwxX19zeW5jX3VzZXJfZW1haWw6dmVyc2lvbl8xGNGhy9qvDyJHcHJvamVjdHMvdHJ1ZXN0YXktOGluZjg2NS9sb2NhdGlvbnMvdXMtY2VudHJhbDEvZnVuY3Rpb25zL3N5bmNVc2VyRW1haWwqDAi0jprIBhDAqb67AjIIbm9kZWpzMjI6dgojZ2NyLmlvL2dhZS1ydW50aW1lcy9ub2RlanMyMjpzdGFibGUST3VzLWNlbnRyYWwxLWRvY2tlci5wa2cuZGV2L3NlcnZlcmxlc3MtcnVudGltZXMvZ29vZ2xlLTIyLWZ1bGwvcnVudGltZXMvbm9kZWpzMjJAAQ==","operationType":"UPDATE_FUNCTION","buildName":"projects/528202518737/locations/us-central1/builds/974f1846-a67a-4663-a8e9-2843e8e5a8ac"},"done":true,"response":{"@type":"type.googleapis.com/google.cloud.functions.v2.Function","name":"projects/truestay-8inf865/locations/us-central1/functions/syncUserEmail","buildConfig":{"build":"projects/528202518737/locations/us-central1/builds/974f1846-a67a-4663-a8e9-2843e8e5a8ac","runtime":"nodejs22","entryPoint":"syncUserEmail","source":{"storageSource":{"bucket":"gcf-v2-sources-528202518737-us-central1","object":"syncUserEmail/function-source.zip","generation":"1762035456155082"}},"environmentVariables":{"GOOGLE_NODE_RUN_SCRIPTS":""},"dockerRepository":"projects/truestay-8inf865/locations/us-central1/repositories/gcf-artifacts","sourceProvenance":{"resolvedStorageSource":{"bucket":"gcf-v2-sources-528202518737-us-central1","object":"syncUserEmail/function-source.zip","generation":"1762035456155082"}},"dockerRegistry":"ARTIFACT_REGISTRY","serviceAccount":"projects/truestay-8inf865/serviceAccounts/528202518737-compute@developer.gserviceaccount.com","automaticUpdatePolicy":{}},"serviceConfig":{"service":"projects/truestay-8inf865/locations/us-central1/services/syncuseremail","timeoutSeconds":60,"environmentVariables":{"FIREBASE_CONFIG":"{\"projectId\":\"truestay-8inf865\",\"storageBucket\":\"truestay-8inf865.firebasestorage.app\"}","GCLOUD_PROJECT":"truestay-8inf865","EVENTARC_CLOUD_EVENT_SOURCE":"projects/truestay-8inf865/locations/us-central1/services/syncUserEmail","FUNCTION_TARGET":"syncUserEmail","LOG_EXECUTION_ID":"true"},"maxInstanceCount":2,"ingressSettings":"ALLOW_ALL","uri":"https://syncuseremail-cczg6lf7xa-uc.a.run.app","serviceAccountEmail":"528202518737-compute@developer.gserviceaccount.com","availableMemory":"256Mi","allTrafficOnLatestRevision":true,"revision":"syncuseremail-00001-pej","maxInstanceRequestConcurrency":80,"availableCpu":"1"},"state":"ACTIVE","updateTime":"2025-11-01T22:17:36.210981975Z","labels":{"deployment-blocking":"before-sign-in","firebase-functions-hash":"216e8a56350e720bf9403354df6ed7fb35bc7a40","deployment-tool":"cli-firebase"},"environment":"GEN_2","url":"https://us-central1-truestay-8inf865.cloudfunctions.net/syncUserEmail","createTime":"2025-11-01T22:02:18.235127105Z","satisfiesPzi":true}}
[debug] [2025-11-01T22:18:46.271Z] Got source token Cldwcm9qZWN0cy81MjgyMDI1MTg3MzcvbG9jYXRpb25zL3VzLWNlbnRyYWwxL2J1aWxkcy85NzRmMTg0Ni1hNjdhLTQ2NjMtYThlOS0yODQzZThlNWE4YWMSdHVzLWNlbnRyYWwxLWRvY2tlci5wa2cuZGV2L3RydWVzdGF5LThpbmY4NjUvZ2NmLWFydGlmYWN0cy90cnVlc3RheS0tOGluZjg2NV9fdXMtLWNlbnRyYWwxX19zeW5jX3VzZXJfZW1haWw6dmVyc2lvbl8xGNGhy9qvDyJHcHJvamVjdHMvdHJ1ZXN0YXktOGluZjg2NS9sb2NhdGlvbnMvdXMtY2VudHJhbDEvZnVuY3Rpb25zL3N5bmNVc2VyRW1haWwqDAi0jprIBhDAqb67AjIIbm9kZWpzMjI6dgojZ2NyLmlvL2dhZS1ydW50aW1lcy9ub2RlanMyMjpzdGFibGUST3VzLWNlbnRyYWwxLWRvY2tlci5wa2cuZGV2L3NlcnZlcmxlc3MtcnVudGltZXMvZ29vZ2xlLTIyLWZ1bGwvcnVudGltZXMvbm9kZWpzMjJAAQ== for region us-central1
[debug] [2025-11-01T22:18:46.272Z] Checked if tokens are valid: true, expires at: 1762039019319
[debug] [2025-11-01T22:18:46.272Z] Checked if tokens are valid: true, expires at: 1762039019319
[debug] [2025-11-01T22:18:46.272Z] >>> [apiv2][query] GET https://run.googleapis.com/v1/projects/truestay-8inf865/locations/us-central1/services/syncuseremail:getIamPolicy [none]
[debug] [2025-11-01T22:18:46.630Z] <<< [apiv2][status] GET https://run.googleapis.com/v1/projects/truestay-8inf865/locations/us-central1/services/syncuseremail:getIamPolicy 200
[debug] [2025-11-01T22:18:46.630Z] <<< [apiv2][body] GET https://run.googleapis.com/v1/projects/truestay-8inf865/locations/us-central1/services/syncuseremail:getIamPolicy {"etag":"ACAB"}
[debug] [2025-11-01T22:18:46.631Z] Checked if tokens are valid: true, expires at: 1762039019319
[debug] [2025-11-01T22:18:46.631Z] Checked if tokens are valid: true, expires at: 1762039019319
[debug] [2025-11-01T22:18:46.631Z] >>> [apiv2][query] POST https://run.googleapis.com/v1/projects/truestay-8inf865/locations/us-central1/services/syncuseremail:setIamPolicy [none]
[debug] [2025-11-01T22:18:46.631Z] >>> [apiv2][body] POST https://run.googleapis.com/v1/projects/truestay-8inf865/locations/us-central1/services/syncuseremail:setIamPolicy {"policy":{"bindings":[{"role":"roles/run.invoker","members":["allUsers"]}],"etag":"ACAB","version":3},"updateMask":"bindings,etag,version"}
[debug] [2025-11-01T22:18:46.908Z] <<< [apiv2][status] POST https://run.googleapis.com/v1/projects/truestay-8inf865/locations/us-central1/services/syncuseremail:setIamPolicy 200
[debug] [2025-11-01T22:18:46.908Z] <<< [apiv2][body] POST https://run.googleapis.com/v1/projects/truestay-8inf865/locations/us-central1/services/syncuseremail:setIamPolicy {"version":1,"etag":"BwZCj92VS34=","bindings":[{"role":"roles/run.invoker","members":["allUsers"]}]}
[debug] [2025-11-01T22:18:46.909Z] Checked if tokens are valid: true, expires at: 1762039019319
[debug] [2025-11-01T22:18:46.909Z] Checked if tokens are valid: true, expires at: 1762039019319
[debug] [2025-11-01T22:18:46.910Z] >>> [apiv2][query] GET https://identitytoolkit.googleapis.com/admin/v2/projects/truestay-8inf865/config [none]
[debug] [2025-11-01T22:18:47.205Z] <<< [apiv2][status] GET https://identitytoolkit.googleapis.com/admin/v2/projects/truestay-8inf865/config 200
[debug] [2025-11-01T22:18:47.205Z] <<< [apiv2][body] GET https://identitytoolkit.googleapis.com/admin/v2/projects/truestay-8inf865/config {"name":"projects/528202518737/config","signIn":{"email":{"enabled":true,"passwordRequired":true},"hashConfig":{"algorithm":"SCRYPT","signerKey":"/Lt8UmParVm3UE7O+k50H9ojS0g1HZE0bglmO7hJrcmFDfXSe86R/xKKzTzP8+lmqwBlMxkY5hkKPzN310BNIg==","saltSeparator":"Bw==","rounds":8,"memoryCost":14}},"notification":{"sendEmail":{"method":"DEFAULT","resetPasswordTemplate":{"senderLocalPart":"noreply","subject":"Reset your password for %APP_NAME%","body":"<p>Hello,</p>\n<p>Follow this link to reset your %APP_NAME% password for your %EMAIL% account.</p>\n<p><a href='%LINK%'>%LINK%</a></p>\n<p>If you didn’t ask to reset your password, you can ignore this email.</p>\n<p>Thanks,</p>\n<p>Your %APP_NAME% team</p>","bodyFormat":"HTML","replyTo":"noreply"},"verifyEmailTemplate":{"senderLocalPart":"noreply","subject":"Verify your email for %APP_NAME%","body":"<p>Hello %DISPLAY_NAME%,</p>\n<p>Follow this link to verify your email address.</p>\n<p><a href='%LINK%'>%LINK%</a></p>\n<p>If you didn’t ask to verify this address, you can ignore this email.</p>\n<p>Thanks,</p>\n<p>Your %APP_NAME% team</p>","bodyFormat":"HTML","replyTo":"noreply"},"changeEmailTemplate":{"senderLocalPart":"noreply","subject":"Your sign-in email was changed for %APP_NAME%","body":"<p>Hello %DISPLAY_NAME%,</p>\n<p>Your sign-in email for %APP_NAME% was changed to %NEW_EMAIL%.</p>\n<p>If you didn’t ask to change your email, follow this link to reset your sign-in email.</p>\n<p><a href='%LINK%'>%LINK%</a></p>\n<p>Thanks,</p>\n<p>Your %APP_NAME% team</p>","bodyFormat":"HTML","replyTo":"noreply"},"callbackUri":"https://truestay-8inf865.firebaseapp.com/__/auth/action","dnsInfo":{"customDomainState":"NOT_STARTED","domainVerificationRequestTime":"1970-01-01T00:00:00Z"},"revertSecondFactorAdditionTemplate":{"senderLocalPart":"noreply","subject":"You've added 2 step verification to your %APP_NAME% account.","body":"<p>Hello %DISPLAY_NAME%,</p>\n<p>Your account in %APP_NAME% has been updated with %SECOND_FACTOR% for 2-step verification.</p>\n<p>If you didn't add this 2-step verification, click the link below to remove it.</p>\n<p><a href='%LINK%'>%LINK%</a></p>\n<p>Thanks,</p>\n<p>Your %APP_NAME% team</p>","bodyFormat":"HTML","replyTo":"noreply"}},"sendSms":{"smsTemplate":{"content":"%LOGIN_CODE% is your verification code for %APP_NAME%."}},"defaultLocale":"en"},"quota":{},"monitoring":{"requestLogging":{}},"multiTenant":{},"authorizedDomains":["localhost","truestay-8inf865.firebaseapp.com","truestay-8inf865.web.app"],"subtype":"FIREBASE_AUTH","client":{"apiKey":"AIzaSyBYwKHZdjx9Ri23kdssx8hhZx_-9bjtvGQ","permissions":{},"firebaseSubdomain":"truestay-8inf865"},"mfa":{"state":"DISABLED"},"blockingFunctions":{},"smsRegionConfig":{},"emailPrivacyConfig":{"enableImprovedEmailPrivacy":true},"mobileLinksConfig":{"domain":"HOSTING_DOMAIN"},"defaultHostingSite":"truestay-8inf865"}
[debug] [2025-11-01T22:18:47.206Z] Checked if tokens are valid: true, expires at: 1762039019319
[debug] [2025-11-01T22:18:47.207Z] Checked if tokens are valid: true, expires at: 1762039019319
[debug] [2025-11-01T22:18:47.207Z] >>> [apiv2][query] PATCH https://identitytoolkit.googleapis.com/admin/v2/projects/truestay-8inf865/config updateMask=blockingFunctions
[debug] [2025-11-01T22:18:47.207Z] >>> [apiv2][body] PATCH https://identitytoolkit.googleapis.com/admin/v2/projects/truestay-8inf865/config {"blockingFunctions":{"triggers":{"beforeSignIn":{"functionUri":"https://syncuseremail-cczg6lf7xa-uc.a.run.app"}},"forwardInboundCredentials":{"accessToken":false,"idToken":false,"refreshToken":false}}}
[debug] [2025-11-01T22:18:47.325Z] <<< [apiv2][status] PATCH https://identitytoolkit.googleapis.com/admin/v2/projects/truestay-8inf865/config 400
[debug] [2025-11-01T22:18:47.326Z] <<< [apiv2][body] PATCH https://identitytoolkit.googleapis.com/admin/v2/projects/truestay-8inf865/config {"error":{"code":400,"message":"OPERATION_NOT_ALLOWED : Blocking Functions may only be configured for GCIP projects.","status":"INVALID_ARGUMENT"}}
[error] Request to https://identitytoolkit.googleapis.com/admin/v2/projects/truestay-8inf865/config?updateMask=blockingFunctions had HTTP Error: 400, OPERATION_NOT_ALLOWED : Blocking Functions may only be configured for GCIP projects.
[debug] [2025-11-01T22:18:47.329Z] Total Function Deployment time: 70907
[debug] [2025-11-01T22:18:47.329Z] 1 Functions Deployed
[debug] [2025-11-01T22:18:47.329Z] 1 Functions Errored
[debug] [2025-11-01T22:18:47.329Z] 0 Function Deployments Aborted
[debug] [2025-11-01T22:18:47.329Z] Average Function Deployment time: 70905
[info] 
[info] Functions deploy had errors with the following functions:
	syncUserEmail(us-central1)
[debug] [2025-11-01T22:18:47.332Z] Checked if tokens are valid: true, expires at: 1762039019319
[debug] [2025-11-01T22:18:47.332Z] Checked if tokens are valid: true, expires at: 1762039019319
[debug] [2025-11-01T22:18:47.332Z] >>> [apiv2][query] GET https://artifactregistry.googleapis.com/v1/projects/truestay-8inf865/locations/us-central1/repositories/gcf-artifacts [none]
[debug] [2025-11-01T22:18:47.685Z] <<< [apiv2][status] GET https://artifactregistry.googleapis.com/v1/projects/truestay-8inf865/locations/us-central1/repositories/gcf-artifacts 200
[debug] [2025-11-01T22:18:47.685Z] <<< [apiv2][body] GET https://artifactregistry.googleapis.com/v1/projects/truestay-8inf865/locations/us-central1/repositories/gcf-artifacts {"name":"projects/truestay-8inf865/locations/us-central1/repositories/gcf-artifacts","format":"DOCKER","description":"This repository is created and used by Cloud Functions for storing function docker images.","labels":{"goog-managed-by":"cloudfunctions"},"createTime":"2025-11-01T21:44:11.831658Z","updateTime":"2025-11-01T22:18:25.921468Z","mode":"STANDARD_REPOSITORY","cleanupPolicies":{"firebase-functions-cleanup":{"id":"firebase-functions-cleanup","action":"DELETE","condition":{"tagState":"ANY","olderThan":"86400s"}}},"sizeBytes":"98186910","vulnerabilityScanningConfig":{"lastEnableTime":"2025-11-01T21:43:57.229475892Z","enablementState":"SCANNING_DISABLED","enablementStateReason":"API containerscanning.googleapis.com is not enabled."},"satisfiesPzi":true,"registryUri":"us-central1-docker.pkg.dev/truestay-8inf865/gcf-artifacts"}
[debug] [2025-11-01T22:18:47.686Z] Functions deploy failed.
[debug] [2025-11-01T22:18:47.686Z] {
  "endpoint": {
    "id": "syncUserEmail",
    "project": "truestay-8inf865",
    "region": "us-central1",
    "entryPoint": "syncUserEmail",
    "platform": "gcfv2",
    "runtime": "nodejs22",
    "blockingTrigger": {
      "eventType": "providers/cloud.auth/eventTypes/user.beforeSignIn",
      "options": {
        "accessToken": false,
        "idToken": false,
        "refreshToken": false
      }
    },
    "labels": {
      "deployment-tool": "cli-firebase"
    },
    "serviceAccount": null,
    "ingressSettings": null,
    "availableMemoryMb": null,
    "timeoutSeconds": null,
    "maxInstances": 2,
    "minInstances": null,
    "concurrency": 80,
    "vpc": null,
    "environmentVariables": {
      "FIREBASE_CONFIG": "{\"projectId\":\"truestay-8inf865\",\"storageBucket\":\"truestay-8inf865.firebasestorage.app\"}",
      "GCLOUD_PROJECT": "truestay-8inf865",
      "EVENTARC_CLOUD_EVENT_SOURCE": "projects/truestay-8inf865/locations/us-central1/services/syncUserEmail"
    },
    "codebase": "default",
    "runServiceId": "syncuseremail",
    "securityLevel": "SECURE_ALWAYS",
    "cpu": 1,
    "targetedByOnly": false,
    "hash": "216e8a56350e720bf9403354df6ed7fb35bc7a40",
    "uri": "https://syncuseremail-cczg6lf7xa-uc.a.run.app"
  },
  "op": "register blocking trigger",
  "original": {
    "name": "FirebaseError",
    "children": [],
    "context": {
      "body": {
        "error": {
          "code": 400,
          "message": "OPERATION_NOT_ALLOWED : Blocking Functions may only be configured for GCIP projects.",
          "status": "INVALID_ARGUMENT"
        }
      },
      "response": {
        "statusCode": 400
      }
    },
    "exit": 1,
    "message": "Request to https://identitytoolkit.googleapis.com/admin/v2/projects/truestay-8inf865/config?updateMask=blockingFunctions had HTTP Error: 400, OPERATION_NOT_ALLOWED : Blocking Functions may only be configured for GCIP projects.",
    "status": 400,
    "code": 400
  }
}
[debug] [2025-11-01T22:18:47.688Z] Error: Failed to register blocking trigger function syncUserEmail in region us-central1
    at C:\Users\leona\AppData\Roaming\npm\node_modules\firebase-tools\lib\deploy\functions\release\fabricator.js:52:11
    at process.processTicksAndRejections (node:internal/process/task_queues:95:5)
    at async Fabricator.registerBlockingTrigger (C:\Users\leona\AppData\Roaming\npm\node_modules\firebase-tools\lib\deploy\functions\release\fabricator.js:557:9)
    at async Fabricator.setTrigger (C:\Users\leona\AppData\Roaming\npm\node_modules\firebase-tools\lib\deploy\functions\release\fabricator.js:506:13)
    at async Fabricator.updateEndpoint (C:\Users\leona\AppData\Roaming\npm\node_modules\firebase-tools\lib\deploy\functions\release\fabricator.js:168:9)
    at async handle (C:\Users\leona\AppData\Roaming\npm\node_modules\firebase-tools\lib\deploy\functions\release\fabricator.js:89:17)
[error] 
[error] Error: There was an error deploying functions
